Archive member included to satisfy reference by file (symbol)

bin-x86_64-efi/blib.a(config.o)
                              (obj_config)
bin-x86_64-efi/blib.a(config_cmd.o)
                              bin-x86_64-efi/blib.a(config.o) (obj_config_cmd)
bin-x86_64-efi/blib.a(config_efi.o)
                              (obj_config_efi)
bin-x86_64-efi/blib.a(cpuid_cmd.o)
                              bin-x86_64-efi/blib.a(config.o) (obj_cpuid_cmd)
bin-x86_64-efi/blib.a(device.o)
                              bin-x86_64-efi/blib.a(config.o) (obj_device)
bin-x86_64-efi/blib.a(dhcp_cmd.o)
                              bin-x86_64-efi/blib.a(config.o) (obj_dhcp_cmd)
bin-x86_64-efi/blib.a(dhcpmgmt.o)
                              bin-x86_64-efi/blib.a(dhcp_cmd.o) (pxebs)
bin-x86_64-efi/blib.a(dns.o)  bin-x86_64-efi/blib.a(config.o) (obj_dns)
bin-x86_64-efi/blib.a(efi_console.o)
                              bin-x86_64-efi/blib.a(config.o) (obj_efi_console)
bin-x86_64-efi/blib.a(efi_image.o)
                              bin-x86_64-efi/blib.a(config.o) (obj_efi_image)
bin-x86_64-efi/blib.a(efi_init.o)
                              bin-x86_64-efi/blib.a(efi_console.o) (efi_systab)
bin-x86_64-efi/blib.a(efi_local.o)
                              bin-x86_64-efi/blib.a(config_efi.o) (obj_efi_local)
bin-x86_64-efi/blib.a(efi_pxe.o)
                              bin-x86_64-efi/blib.a(efi_image.o) (efi_pxe_install)
bin-x86_64-efi/blib.a(efi_snp.o)
                              bin-x86_64-efi/blib.a(efi_image.o) (last_opened_snpdev)
bin-x86_64-efi/blib.a(efi_snp_hii.o)
                              bin-x86_64-efi/blib.a(efi_snp.o) (efi_snp_hii_install)
bin-x86_64-efi/blib.a(efi_strings.o)
                              bin-x86_64-efi/blib.a(efi_image.o) (efi_snprintf)
bin-x86_64-efi/blib.a(efi_utils.o)
                              bin-x86_64-efi/blib.a(efi_image.o) (efi_devpath_len)
bin-x86_64-efi/blib.a(efi_watchdog.o)
                              bin-x86_64-efi/blib.a(efi_snp.o) (efi_watchdog)
bin-x86_64-efi/blib.a(efi_wrap.o)
                              bin-x86_64-efi/blib.a(efi_image.o) (efi_wrap)
bin-x86_64-efi/blib.a(efiprefix.o)
                              (_efi_start)
bin-x86_64-efi/blib.a(embedded.o)
                              bin-x86_64-efi/blib.a(config.o) (obj_embedded)
bin-x86_64-efi/blib.a(fakedhcp.o)
                              bin-x86_64-efi/blib.a(efi_pxe.o) (create_fakedhcpdiscover)
bin-x86_64-efi/blib.a(getopt.o)
                              bin-x86_64-efi/blib.a(config_cmd.o) (optind)
bin-x86_64-efi/blib.a(http.o)
                              bin-x86_64-efi/blib.a(config.o) (obj_http)
bin-x86_64-efi/blib.a(httpblock.o)
                              bin-x86_64-efi/blib.a(config.o) (obj_httpblock)
bin-x86_64-efi/blib.a(httpcore.o)
                              bin-x86_64-efi/blib.a(httpblock.o) (http_open)
bin-x86_64-efi/blib.a(ifmgmt_cmd.o)
                              bin-x86_64-efi/blib.a(dhcp_cmd.o) (ifconf_exec)
bin-x86_64-efi/blib.a(image.o)
                              bin-x86_64-efi/blib.a(embedded.o) (image_select)
bin-x86_64-efi/blib.a(image_cmd.o)
                              bin-x86_64-efi/blib.a(config.o) (obj_image_cmd)
bin-x86_64-efi/blib.a(imgmgmt.o)
                              bin-x86_64-efi/blib.a(image_cmd.o) (imgdownload_string)
bin-x86_64-efi/blib.a(init.o)
                              bin-x86_64-efi/blib.a(efi_init.o) (shutdown)
bin-x86_64-efi/blib.a(interface.o)
                              bin-x86_64-efi/blib.a(device.o) (intf_put)
bin-x86_64-efi/blib.a(iobuf.o)
                              bin-x86_64-efi/blib.a(efi_snp.o) (alloc_iob)
bin-x86_64-efi/blib.a(ipv4.o)
                              bin-x86_64-efi/blib.a(efi_pxe.o) (ip_setting)
bin-x86_64-efi/blib.a(iscsi.o)
                              bin-x86_64-efi/blib.a(config.o) (obj_iscsi)
bin-x86_64-efi/blib.a(job.o)  bin-x86_64-efi/blib.a(dns.o) (job_progress)
bin-x86_64-efi/blib.a(keymap_us.o)
                              bin-x86_64-efi/blib.a(config.o) (obj_keymap_us)
bin-x86_64-efi/blib.a(linebuf.o)
                              bin-x86_64-efi/blib.a(httpcore.o) (buffered_line)
bin-x86_64-efi/blib.a(list.o)
                              bin-x86_64-efi/blib.a(device.o) (extern_list_add)
bin-x86_64-efi/blib.a(login_cmd.o)
                              bin-x86_64-efi/blib.a(config.o) (obj_login_cmd)
bin-x86_64-efi/blib.a(login_ui.o)
                              bin-x86_64-efi/blib.a(login_cmd.o) (login_ui)
bin-x86_64-efi/blib.a(main.o)
                              bin-x86_64-efi/blib.a(efiprefix.o) (main)
bin-x86_64-efi/blib.a(malloc.o)
                              bin-x86_64-efi/blib.a(iobuf.o) (alloc_memblock)
bin-x86_64-efi/blib.a(md5.o)  bin-x86_64-efi/blib.a(iscsi.o) (md5_algorithm)
bin-x86_64-efi/blib.a(menu_cmd.o)
                              bin-x86_64-efi/blib.a(config.o) (obj_menu_cmd)
bin-x86_64-efi/blib.a(menu_ui.o)
                              bin-x86_64-efi/blib.a(menu_cmd.o) (show_menu)
[...]
Memory Configuration

Name             Origin             Length             Attributes
*default*        0x0000000000000000 0xffffffffffffffff

Linker script and memory map

                0x0000000000000020                _max_align = 0x20
                0x0000000000001000                . = 0x1000
                0x0000000000001000                . = ALIGN (_max_align)

.text           0x0000000000001000    0x1edcb
                0x0000000000001000                _text = .
 *(.text)
 *(.text.*)
 .text.config_exec
                0x0000000000001000       0x82 bin-x86_64-efi/blib.a(config_cmd.o)
 .text.cpuid_exec
                0x0000000000001082       0x77 bin-x86_64-efi/blib.a(cpuid_cmd.o)
 .text.probe_devices
                0x00000000000010f9       0x73 bin-x86_64-efi/blib.a(device.o)
 .text.identify_device
                0x000000000000116c       0x4b bin-x86_64-efi/blib.a(device.o)
                0x000000000000116c                identify_device
 .text.remove_devices
                0x00000000000011b7       0x5d bin-x86_64-efi/blib.a(device.o)
 .text.pxebs_exec
                0x0000000000001214       0x98 bin-x86_64-efi/blib.a(dhcp_cmd.o)
 .text.pxebs    0x00000000000012ac       0x47 bin-x86_64-efi/blib.a(dhcpmgmt.o)
                0x00000000000012ac                pxebs
 .text.dns_label
                0x00000000000012f3       0x50 bin-x86_64-efi/blib.a(dns.o)
 .text.dns_done
                0x0000000000001343       0x2a bin-x86_64-efi/blib.a(dns.o)
 .text.dns_xfer_close
                0x000000000000136d        0xe bin-x86_64-efi/blib.a(dns.o)
 .text.dns_send_packet
                0x000000000000137b       0x31 bin-x86_64-efi/blib.a(dns.o)
 .text.dns_timer_expired
                0x00000000000013ac       0x17 bin-x86_64-efi/blib.a(dns.o)
 .text.dns_encode
                0x00000000000013c3       0x82 bin-x86_64-efi/blib.a(dns.o)
                0x00000000000013c3                dns_encode
 .text.apply_dns_settings
                0x0000000000001445       0xfe bin-x86_64-efi/blib.a(dns.o)
 .text.dns_decode
                0x0000000000001543       0xe8 bin-x86_64-efi/blib.a(dns.o)
                0x0000000000001543                dns_decode
 .text.dns_progress
                0x000000000000162b       0x25 bin-x86_64-efi/blib.a(dns.o)
 .text.dns_compare
                0x0000000000001650       0xce bin-x86_64-efi/blib.a(dns.o)
                0x0000000000001650                dns_compare
 .text.dns_copy
                0x000000000000171e       0xa2 bin-x86_64-efi/blib.a(dns.o)
                0x000000000000171e                dns_copy
 .text.dns_question
                0x00000000000017c0       0x93 bin-x86_64-efi/blib.a(dns.o)
 .text.dns_resolv
                0x0000000000001853      0x1d6 bin-x86_64-efi/blib.a(dns.o)
 .text.dns_skip
                0x0000000000001a29       0x5d bin-x86_64-efi/blib.a(dns.o)
                0x0000000000001a29                dns_skip
 .text.dns_skip_search
                0x0000000000001a86       0x31 bin-x86_64-efi/blib.a(dns.o)
 .text.format_dnssl_setting
                0x0000000000001ab7       0x98 bin-x86_64-efi/blib.a(dns.o)
 .text.dns_xfer_deliver
                0x0000000000001b4f      0x2e8 bin-x86_64-efi/blib.a(dns.o)
 .text.efi_handle_cup
                0x0000000000001e37       0x31 bin-x86_64-efi/blib.a(efi_console.o)
 .text.efi_handle_ed
                0x0000000000001e68       0x1a bin-x86_64-efi/blib.a(efi_console.o)
 .text.efi_handle_sgr
                0x0000000000001e82       0x8f bin-x86_64-efi/blib.a(efi_console.o)
 .text.efi_handle_dectcem_set
                0x0000000000001f11       0x1f bin-x86_64-efi/blib.a(efi_console.o)
 .text.efi_handle_dectcem_reset
                0x0000000000001f30       0x1c bin-x86_64-efi/blib.a(efi_console.o)
 .text.efi_iskey
                0x0000000000001f4c       0x39 bin-x86_64-efi/blib.a(efi_console.o)
 .text.efi_putchar
                0x0000000000001f85       0x3f bin-x86_64-efi/blib.a(efi_console.o)
 .text.efi_getchar
                0x0000000000001fc4       0x70 bin-x86_64-efi/blib.a(efi_console.o)
 .text.efi_console_init
                0x0000000000002034       0x3b bin-x86_64-efi/blib.a(efi_console.o)
 .text.efi_image_probe
                0x000000000000206f       0x6a bin-x86_64-efi/blib.a(efi_image.o)
 .text.efi_image_exec
                0x00000000000020d9      0x307 bin-x86_64-efi/blib.a(efi_image.o)
 .text.efi_unload
                0x00000000000023e0       0x37 bin-x86_64-efi/blib.a(efi_init.o)
 .text.efi_shutdown_hook
                0x0000000000002417       0x1b bin-x86_64-efi/blib.a(efi_init.o)
 .text.efi_init
                0x0000000000002432      0x1b9 bin-x86_64-efi/blib.a(efi_init.o)
                0x0000000000002432                efi_init
 .text.efi_local_check_volume_name
                0x00000000000025eb       0xd2 bin-x86_64-efi/blib.a(efi_local.o)
 .text.efi_local_close
                0x00000000000026bd       0x56 bin-x86_64-efi/blib.a(efi_local.o)
 .text.efi_local_step
                0x0000000000002713      0x100 bin-x86_64-efi/blib.a(efi_local.o)
 .text.efi_local_open
                0x0000000000002813      0x474 bin-x86_64-efi/blib.a(efi_local.o)
 .text.efi_pxe_buf_realloc
                0x0000000000002c87        0x6 bin-x86_64-efi/blib.a(efi_pxe.o)
 .text.efi_pxe_tftp_window
                0x0000000000002c8d        0x8 bin-x86_64-efi/blib.a(efi_pxe.o)
 .text.efi_pxe_discover
                0x0000000000002c95        0xb bin-x86_64-efi/blib.a(efi_pxe.o)
 .text.efi_pxe_arp
                0x0000000000002ca0        0xb bin-x86_64-efi/blib.a(efi_pxe.o)
 .text.efi_pxe_set_parameters
                0x0000000000002cab       0x4b bin-x86_64-efi/blib.a(efi_pxe.o)
 .text.efi_pxe_set_station_ip
                0x0000000000002cf6       0x2d bin-x86_64-efi/blib.a(efi_pxe.o)
 .text.efi_pxe_tftp_close
                0x0000000000002d23       0x1e bin-x86_64-efi/blib.a(efi_pxe.o)
 .text.efi_pxe_tftp_deliver
                0x0000000000002d41       0x30 bin-x86_64-efi/blib.a(efi_pxe.o)
 .text.efi_pxe_free
                0x0000000000002d71       0x16 bin-x86_64-efi/blib.a(efi_pxe.o)
 .text.efi_pxe_ip_sockaddr
                0x0000000000002d87       0x45 bin-x86_64-efi/blib.a(efi_pxe.o)
 .text.efi_pxe_buf_write
                0x0000000000002dcc       0x14 bin-x86_64-efi/blib.a(efi_pxe.o)
 .text.efi_pxe_set_ip_filter
                0x0000000000002de0       0x1d bin-x86_64-efi/blib.a(efi_pxe.o)
 .text.efi_pxe_set_packets
                0x0000000000002dfd      0x135 bin-x86_64-efi/blib.a(efi_pxe.o)
 .text.efi_apple_get_bsdp_response
                0x0000000000002f32       0x43 bin-x86_64-efi/blib.a(efi_pxe.o)
 .text.efi_pxe_udp_deliver
                0x0000000000002f75       0xe4 bin-x86_64-efi/blib.a(efi_pxe.o)
 .text.efi_pxe_ip
                0x0000000000003059       0x88 bin-x86_64-efi/blib.a(efi_pxe.o)
 .text.efi_pxe_fake
                0x00000000000030e1       0x5f bin-x86_64-efi/blib.a(efi_pxe.o)
 .text.efi_pxe_fake_all
                0x0000000000003140       0x57 bin-x86_64-efi/blib.a(efi_pxe.o)
 .text.efi_pxe_start
                0x0000000000003197       0xb3 bin-x86_64-efi/blib.a(efi_pxe.o)
 .text.efi_pxe_udp_open
                0x000000000000324a       0x3d bin-x86_64-efi/blib.a(efi_pxe.o)
 .text.efi_pxe_udp_read
                0x0000000000003287      0x35d bin-x86_64-efi/blib.a(efi_pxe.o)
 .text.efi_pxe_udp_write
                0x00000000000035e4      0x1b9 bin-x86_64-efi/blib.a(efi_pxe.o)
 .text.efi_pxe_dhcp
                0x000000000000379d       0x8a bin-x86_64-efi/blib.a(efi_pxe.o)
 .text.efi_pxe_mtftp
                0x0000000000003827      0x124 bin-x86_64-efi/blib.a(efi_pxe.o)
 .text.efi_pxe_udp_close
                0x000000000000394b       0x6c bin-x86_64-efi/blib.a(efi_pxe.o)
 .text.efi_pxe_udp_scheduled_close
                0x00000000000039b7        0x7 bin-x86_64-efi/blib.a(efi_pxe.o)
 .text.efi_pxe_stop
                0x00000000000039be       0x25 bin-x86_64-efi/blib.a(efi_pxe.o)
 .text.efi_apple_get_dhcp_response
                0x00000000000039e3       0x43 bin-x86_64-efi/blib.a(efi_pxe.o)
 .text.efi_pxe_install
                0x0000000000003a26      0x1f0 bin-x86_64-efi/blib.a(efi_pxe.o)
                0x0000000000003a26                efi_pxe_install
 .text.efi_pxe_uninstall
                0x0000000000003c16       0xb4 bin-x86_64-efi/blib.a(efi_pxe.o)
                0x0000000000003c16                efi_pxe_uninstall
 .text.efi_snp_receive_filters
                0x0000000000003cca       0x12 bin-x86_64-efi/blib.a(efi_snp.o)
 .text.efi_snp_nvdata
                0x0000000000003cdc       0x20 bin-x86_64-efi/blib.a(efi_snp.o)
 .text.efi_snp_get_driver_name
                0x0000000000003cfc        0xa bin-x86_64-efi/blib.a(efi_snp.o)
 .text.efi_snp_get_controller_name
                0x0000000000003d06       0x12 bin-x86_64-efi/blib.a(efi_snp.o)
 .text.efi_snp_demux
                0x0000000000003d18       0x21 bin-x86_64-efi/blib.a(efi_snp.o)
 .text.efi_snp_remove
                0x0000000000003d39      0x14a bin-x86_64-efi/blib.a(efi_snp.o)
 .text.efi_snp_poll
                0x0000000000003e83       0x5b bin-x86_64-efi/blib.a(efi_snp.o)
 .text.efi_snp_get_status
                0x0000000000003ede       0xb2 bin-x86_64-efi/blib.a(efi_snp.o)
 .text.efi_snp_wait_for_packet
                0x0000000000003f90       0x4b bin-x86_64-efi/blib.a(efi_snp.o)
 .text.efi_snp_mcast_ip_to_mac
                0x0000000000003fdb       0x7d bin-x86_64-efi/blib.a(efi_snp.o)
 .text.efi_snp_station_address
                0x0000000000004058       0x43 bin-x86_64-efi/blib.a(efi_snp.o)
 .text.efi_snp_transmit
                0x000000000000409b      0x1ec bin-x86_64-efi/blib.a(efi_snp.o)
 .text.efi_snp_set_state
                0x0000000000004287       0x40 bin-x86_64-efi/blib.a(efi_snp.o)
 .text.efi_snp_start
                0x00000000000042c7       0x2f bin-x86_64-efi/blib.a(efi_snp.o)
 .text.efi_snp_stop
                0x00000000000042f6       0x2f bin-x86_64-efi/blib.a(efi_snp.o)
 .text.efi_snp_notify
                0x0000000000004325       0x27 bin-x86_64-efi/blib.a(efi_snp.o)
 .text.efi_snp_initialize
                0x000000000000434c       0x77 bin-x86_64-efi/blib.a(efi_snp.o)
 .text.efi_snp_statistics
                0x00000000000043c3       0xd9 bin-x86_64-efi/blib.a(efi_snp.o)
 .text.efi_snp_probe
                0x000000000000449c      0x686 bin-x86_64-efi/blib.a(efi_snp.o)
 .text.efi_snp_receive
                0x0000000000004b22      0x19c bin-x86_64-efi/blib.a(efi_snp.o)
 .text.efi_snp_flush
                0x0000000000004cbe       0x4f bin-x86_64-efi/blib.a(efi_snp.o)
 .text.efi_snp_reset
                0x0000000000004d0d       0x95 bin-x86_64-efi/blib.a(efi_snp.o)
 .text.efi_snp_shutdown
                0x0000000000004da2       0x66 bin-x86_64-efi/blib.a(efi_snp.o)
 .text.efi_undi_issue
                0x0000000000004e08      0x461 bin-x86_64-efi/blib.a(efi_snp.o)
 .text.last_opened_snpdev
                0x0000000000005269       0x18 bin-x86_64-efi/blib.a(efi_snp.o)
                0x0000000000005269                last_opened_snpdev
 .text.efi_snp_add_claim
                0x0000000000005281       0x78 bin-x86_64-efi/blib.a(efi_snp.o)
                0x0000000000005281                efi_snp_add_claim
 .text.efi_snp_load_file
                0x00000000000052f9       0x73 bin-x86_64-efi/blib.a(efi_snp.o)
 .text.efi_snp_hii_callback
                0x000000000000536c        0xb bin-x86_64-efi/blib.a(efi_snp_hii.o)
 .text.efi_snp_hii_process
                0x0000000000005377      0x104 bin-x86_64-efi/blib.a(efi_snp_hii.o)
 .text.efi_snp_hii_route_config
                0x000000000000547b       0x67 bin-x86_64-efi/blib.a(efi_snp_hii.o)
 .text.efi_snp_hii_random_guid
                0x00000000000054e2       0x1e bin-x86_64-efi/blib.a(efi_snp_hii.o)
 .text.efi_snp_hii_store
                0x0000000000005500      0x151 bin-x86_64-efi/blib.a(efi_snp_hii.o)
 .text.efi_snp_hii_append.isra.1
                0x0000000000005651       0xca bin-x86_64-efi/blib.a(efi_snp_hii.o)
 .text.efi_snp_hii_fetch
                0x000000000000571b      0x1b0 bin-x86_64-efi/blib.a(efi_snp_hii.o)
 .text.efi_snp_hii_extract_config
                0x00000000000058cb      0x10f bin-x86_64-efi/blib.a(efi_snp_hii.o)
 .text.efi_snp_hii_install
                0x00000000000059da      0x5bd bin-x86_64-efi/blib.a(efi_snp_hii.o)
                0x00000000000059da                efi_snp_hii_install
 .text.efi_snp_hii_uninstall
                0x0000000000005f97       0xb7 bin-x86_64-efi/blib.a(efi_snp_hii.o)
                0x0000000000005f97                efi_snp_hii_uninstall
 .text.efi_printf_sputc
                0x000000000000604e       0x13 bin-x86_64-efi/blib.a(efi_strings.o)
 .text.efi_vsnprintf
                0x0000000000006061       0x4c bin-x86_64-efi/blib.a(efi_strings.o)
                0x0000000000006061                efi_vsnprintf
 .text.efi_snprintf
                0x00000000000060ad       0x3e bin-x86_64-efi/blib.a(efi_strings.o)
                0x00000000000060ad                efi_snprintf
 .text.efi_devpath_end
                0x00000000000060eb       0x1e bin-x86_64-efi/blib.a(efi_utils.o)
                0x00000000000060eb                efi_devpath_end
 .text.efi_devpath_len
                0x0000000000006109        0xe bin-x86_64-efi/blib.a(efi_utils.o)
                0x0000000000006109                efi_devpath_len
 .text.efi_locate_device
                0x0000000000006117       0xc5 bin-x86_64-efi/blib.a(efi_utils.o)
                0x0000000000006117                efi_locate_device
 .text.efi_child_add
                0x00000000000061dc       0x5a bin-x86_64-efi/blib.a(efi_utils.o)
                0x00000000000061dc                efi_child_add
 .text.efi_child_del
                0x0000000000006236       0x2e bin-x86_64-efi/blib.a(efi_utils.o)
                0x0000000000006236                efi_child_del
 .text.efi_device_info
                0x0000000000006264       0x94 bin-x86_64-efi/blib.a(efi_utils.o)
                0x0000000000006264                efi_device_info
 .text.efi_watchdog_expired
                0x00000000000062f8       0x47 bin-x86_64-efi/blib.a(efi_watchdog.o)
 .text.efi_wrap
                0x000000000000633f        0x1 bin-x86_64-efi/blib.a(efi_wrap.o)
                0x000000000000633f                efi_wrap
 .text.efi_remove
                0x0000000000006340        0x5 bin-x86_64-efi/blib.a(efiprefix.o)
 .text.efi_probe
                0x0000000000006345        0x5 bin-x86_64-efi/blib.a(efiprefix.o)
 .text._efi_start
                0x000000000000634a       0x8d bin-x86_64-efi/blib.a(efiprefix.o)
                0x000000000000634a                _efi_start
 .text.embedded_init
                0x00000000000063d7       0x20 bin-x86_64-efi/blib.a(embedded.o)
 .text.copy_encap_settings
                0x00000000000063f7       0xcc bin-x86_64-efi/blib.a(fakedhcp.o)
 .text.create_fakedhcpdiscover
                0x00000000000064c3       0x34 bin-x86_64-efi/blib.a(fakedhcp.o)
                0x00000000000064c3                create_fakedhcpdiscover
 .text.create_fakedhcpack
                0x00000000000064f7       0x65 bin-x86_64-efi/blib.a(fakedhcp.o)
                0x00000000000064f7                create_fakedhcpack
 .text.create_fakepxebsack
                0x000000000000655c       0xda bin-x86_64-efi/blib.a(fakedhcp.o)
                0x000000000000655c                create_fakepxebsack
 .text.getopt_long
                0x0000000000006636      0x287 bin-x86_64-efi/blib.a(getopt.o)
                0x0000000000006636                getopt_long
 .text.http_block_read
                0x00000000000068bd       0x77 bin-x86_64-efi/blib.a(httpblock.o)
                0x00000000000068bd                http_block_read
 .text.http_block_read_capacity
                0x0000000000006934       0x52 bin-x86_64-efi/blib.a(httpblock.o)
                0x0000000000006934                http_block_read_capacity
 .text.http_parse_location
                0x0000000000006986        0xa bin-x86_64-efi/blib.a(httpcore.o)
 .text.http_init_transfer_chunked
                0x0000000000006990        0x3 bin-x86_64-efi/blib.a(httpcore.o)
 .text.http_parse_retry_after
                0x0000000000006993       0x43 bin-x86_64-efi/blib.a(httpcore.o)
 .text.http_parse_content_encoding
                0x00000000000069d6       0x5a bin-x86_64-efi/blib.a(httpcore.o)
 .text.http_conn_close
                0x0000000000006a30       0x26 bin-x86_64-efi/blib.a(httpcore.o)
 .text.http_format_headers
                0x0000000000006a56      0x107 bin-x86_64-efi/blib.a(httpcore.o)
 .text.http_format_accept_encoding
                0x0000000000006b5d       0x90 bin-x86_64-efi/blib.a(httpcore.o)
 .text.http_content_buffer
                0x0000000000006bed       0x15 bin-x86_64-efi/blib.a(httpcore.o)
 .text.http_free
                0x0000000000006c02       0x31 bin-x86_64-efi/blib.a(httpcore.o)
 .text.http_tx_request
                0x0000000000006c33       0xc8 bin-x86_64-efi/blib.a(httpcore.o)
 .text.http_close
                0x0000000000006cfb       0x40 bin-x86_64-efi/blib.a(httpcore.o)
 .text.http_close_error
                0x0000000000006d3b        0xe bin-x86_64-efi/blib.a(httpcore.o)
 .text.http_reopen
                0x0000000000006d49       0x54 bin-x86_64-efi/blib.a(httpcore.o)
 .text.http_expired
                0x0000000000006d9d        0xc bin-x86_64-efi/blib.a(httpcore.o)
 .text.http_conn_deliver
                0x0000000000006da9       0x7d bin-x86_64-efi/blib.a(httpcore.o)
 .text.http_format_host
                0x0000000000006e26       0x1e bin-x86_64-efi/blib.a(httpcore.o)
 .text.http_format_user_agent
                0x0000000000006e44       0x1b bin-x86_64-efi/blib.a(httpcore.o)
 .text.http_format_connection
                0x0000000000006e5f       0x14 bin-x86_64-efi/blib.a(httpcore.o)
 .text.http_format_range
                0x0000000000006e73       0x32 bin-x86_64-efi/blib.a(httpcore.o)
 .text.http_format_content_type
                0x0000000000006ea5       0x26 bin-x86_64-efi/blib.a(httpcore.o)
 .text.http_format_content_length
                0x0000000000006ecb       0x26 bin-x86_64-efi/blib.a(httpcore.o)
 .text.http_params
                0x0000000000006ef1       0x93 bin-x86_64-efi/blib.a(httpcore.o)
 .text.http_rx_linebuf.isra.6
                0x0000000000006f84       0x25 bin-x86_64-efi/blib.a(httpcore.o)
 .text.http_parse_content_length
                0x0000000000006fa9       0x41 bin-x86_64-efi/blib.a(httpcore.o)
 .text.http_rx_transfer_chunked
                0x0000000000006fea      0x19a bin-x86_64-efi/blib.a(httpcore.o)
 .text.http_parse_transfer_encoding
                0x0000000000007184       0x4b bin-x86_64-efi/blib.a(httpcore.o)
 .text.http_content_deliver
                0x00000000000071cf       0x1f bin-x86_64-efi/blib.a(httpcore.o)
 .text.http_transfer_complete
                0x00000000000071ee      0x146 bin-x86_64-efi/blib.a(httpcore.o)
 .text.http_close_transfer_identity
                0x0000000000007334       0x2e bin-x86_64-efi/blib.a(httpcore.o)
 .text.http_rx_trailers
                0x0000000000007362       0x51 bin-x86_64-efi/blib.a(httpcore.o)
 .text.http_rx_transfer_identity
                0x00000000000073b3       0x73 bin-x86_64-efi/blib.a(httpcore.o)
 .text.http_init_transfer_identity
                0x0000000000007426       0x1b bin-x86_64-efi/blib.a(httpcore.o)
 .text.http_step
                0x0000000000007441       0x5b bin-x86_64-efi/blib.a(httpcore.o)
 .text.http_token
                0x000000000000749c       0xcb bin-x86_64-efi/blib.a(httpcore.o)
                0x000000000000749c                http_token
 .text.http_rx_headers
                0x0000000000007567      0x272 bin-x86_64-efi/blib.a(httpcore.o)
 .text.http_parse_connection
                0x00000000000077d9       0x68 bin-x86_64-efi/blib.a(httpcore.o)
 .text.http_open
                0x0000000000007841      0x2d0 bin-x86_64-efi/blib.a(httpcore.o)
                0x0000000000007841                http_open
 .text.http_open_uri
                0x0000000000007b11       0xb5 bin-x86_64-efi/blib.a(httpcore.o)
                0x0000000000007b11                http_open_uri
 .text.ifconf_payload
                0x0000000000007bc6       0x2a bin-x86_64-efi/blib.a(ifmgmt_cmd.o)
 .text.ifstat_payload
                0x0000000000007bf0        0xa bin-x86_64-efi/blib.a(ifmgmt_cmd.o)
 .text.ifclose_payload
                0x0000000000007bfa        0xa bin-x86_64-efi/blib.a(ifmgmt_cmd.o)
 .text.ifopen_payload
                0x0000000000007c04        0x5 bin-x86_64-efi/blib.a(ifmgmt_cmd.o)
 .text.ifcommon_exec
                0x0000000000007c09       0xf5 bin-x86_64-efi/blib.a(ifmgmt_cmd.o)
                0x0000000000007c09                ifcommon_exec
 .text.ifconf_exec
                0x0000000000007cfe        0xc bin-x86_64-efi/blib.a(ifmgmt_cmd.o)
                0x0000000000007cfe                ifconf_exec
 .text.ifstat_exec
                0x0000000000007d0a        0xc bin-x86_64-efi/blib.a(ifmgmt_cmd.o)
 .text.ifclose_exec
                0x0000000000007d16        0xc bin-x86_64-efi/blib.a(ifmgmt_cmd.o)
 .text.ifopen_exec
                0x0000000000007d22        0xc bin-x86_64-efi/blib.a(ifmgmt_cmd.o)
 .text.free_image
                0x0000000000007d2e       0x3c bin-x86_64-efi/blib.a(image.o)
 .text.image_set_name
                0x0000000000007d6a       0x30 bin-x86_64-efi/blib.a(image.o)
                0x0000000000007d6a                image_set_name
 .text.image_set_uri
                0x0000000000007d9a       0x51 bin-x86_64-efi/blib.a(image.o)
                0x0000000000007d9a                image_set_uri
 .text.alloc_image
                0x0000000000007deb       0x4d bin-x86_64-efi/blib.a(image.o)
                0x0000000000007deb                alloc_image
 .text.image_set_cmdline
                0x0000000000007e38       0x3d bin-x86_64-efi/blib.a(image.o)
                0x0000000000007e38                image_set_cmdline
 .text.unregister_image
                0x0000000000007e75       0x22 bin-x86_64-efi/blib.a(image.o)
                0x0000000000007e75                unregister_image
 .text.find_image
                0x0000000000007e97       0x48 bin-x86_64-efi/blib.a(image.o)
                0x0000000000007e97                find_image
 .text.image_exec
                0x0000000000007edf       0xbe bin-x86_64-efi/blib.a(image.o)
                0x0000000000007edf                image_exec
 .text.image_replace
                0x0000000000007f9d       0x4b bin-x86_64-efi/blib.a(image.o)
                0x0000000000007f9d                image_replace
 .text.image_select
                0x0000000000007fe8       0x46 bin-x86_64-efi/blib.a(image.o)
                0x0000000000007fe8                image_select
 .text.image_find_selected
                0x000000000000802e       0x2e bin-x86_64-efi/blib.a(image.o)
                0x000000000000802e                image_find_selected
 .text.register_image
                0x000000000000805c       0xb6 bin-x86_64-efi/blib.a(image.o)
                0x000000000000805c                register_image
 .text.imgselect
                0x0000000000008112        0x5 bin-x86_64-efi/blib.a(image_cmd.o)
 .text.image_clear_cmdline
                0x0000000000008117        0x7 bin-x86_64-efi/blib.a(image_cmd.o)
 .text.imgsingle_exec
                0x000000000000811e      0x176 bin-x86_64-efi/blib.a(image_cmd.o)
 .text.imgargs_exec
                0x0000000000008294        0xc bin-x86_64-efi/blib.a(image_cmd.o)
 .text.imgexec_exec
                0x00000000000082a0        0xc bin-x86_64-efi/blib.a(image_cmd.o)
 .text.imgselect_exec
                0x00000000000082ac        0xc bin-x86_64-efi/blib.a(image_cmd.o)
 .text.imgfetch_exec
                0x00000000000082b8        0xc bin-x86_64-efi/blib.a(image_cmd.o)
 .text.imgexec  0x00000000000082c4       0x31 bin-x86_64-efi/blib.a(image_cmd.o)
 .text.imgmulti_exec.part.1
                0x00000000000082f5       0xb9 bin-x86_64-efi/blib.a(image_cmd.o)
 .text.imgstat_exec
                0x00000000000083ae       0x38 bin-x86_64-efi/blib.a(image_cmd.o)
 .text.imgfree_exec
                0x00000000000083e6       0x38 bin-x86_64-efi/blib.a(image_cmd.o)
 .text.imgdownload
                0x000000000000841e      0x124 bin-x86_64-efi/blib.a(imgmgmt.o)
                0x000000000000841e                imgdownload
 .text.imgdownload_string
                0x0000000000008542       0x47 bin-x86_64-efi/blib.a(imgmgmt.o)
                0x0000000000008542                imgdownload_string
 .text.imgacquire
                0x0000000000008589       0x3c bin-x86_64-efi/blib.a(imgmgmt.o)
                0x0000000000008589                imgacquire
 .text.imgstat  0x00000000000085c5       0x96 bin-x86_64-efi/blib.a(imgmgmt.o)
                0x00000000000085c5                imgstat
 .text.initialise
                0x000000000000865b       0x22 bin-x86_64-efi/blib.a(init.o)
                0x000000000000865b                initialise
 .text.startup  0x000000000000867d       0x3d bin-x86_64-efi/blib.a(init.o)
                0x000000000000867d                startup
 .text.shutdown
                0x00000000000086ba       0x4d bin-x86_64-efi/blib.a(init.o)
                0x00000000000086ba                shutdown
 .text.null_intf_close
                0x0000000000008707        0x1 bin-x86_64-efi/blib.a(interface.o)
 .text.intf_nullify
                0x0000000000008708        0xc bin-x86_64-efi/blib.a(interface.o)
                0x0000000000008708                intf_nullify
 .text.intf_get
                0x0000000000008714       0x12 bin-x86_64-efi/blib.a(interface.o)
                0x0000000000008714                intf_get
 .text.intf_put
                0x0000000000008726        0x9 bin-x86_64-efi/blib.a(interface.o)
                0x0000000000008726                intf_put
 .text.intf_plug
                0x000000000000872f       0x20 bin-x86_64-efi/blib.a(interface.o)
                0x000000000000872f                intf_plug
 .text.intf_plug_plug
                0x000000000000874f       0x1c bin-x86_64-efi/blib.a(interface.o)
                0x000000000000874f                intf_plug_plug
 .text.intf_unplug
                0x000000000000876b       0x18 bin-x86_64-efi/blib.a(interface.o)
                0x000000000000876b                intf_unplug
 .text.intf_object
                0x0000000000008783        0xb bin-x86_64-efi/blib.a(interface.o)
                0x0000000000008783                intf_object
 .text.intf_get_dest_op_no_passthru_untyped
                0x000000000000878e       0x43 bin-x86_64-efi/blib.a(interface.o)
                0x000000000000878e                intf_get_dest_op_no_passthru_untyped
 .text.intf_get_dest_op_untyped
                0x00000000000087d1       0x49 bin-x86_64-efi/blib.a(interface.o)
                0x00000000000087d1                intf_get_dest_op_untyped
 .text.intf_restart
                0x000000000000881a       0x13 bin-x86_64-efi/blib.a(interface.o)
                0x000000000000881a                intf_restart
 .text.intf_close
                0x000000000000882d       0x55 bin-x86_64-efi/blib.a(interface.o)
                0x000000000000882d                intf_close
 .text.intf_shutdown
                0x0000000000008882       0x37 bin-x86_64-efi/blib.a(interface.o)
                0x0000000000008882                intf_shutdown
 .text.intfs_vshutdown
                0x00000000000088b9       0x92 bin-x86_64-efi/blib.a(interface.o)
                0x00000000000088b9                intfs_vshutdown
 .text.intfs_shutdown
                0x000000000000894b       0x4a bin-x86_64-efi/blib.a(interface.o)
                0x000000000000894b                intfs_shutdown
 .text.intfs_vrestart
                0x0000000000008995       0x5e bin-x86_64-efi/blib.a(interface.o)
                0x0000000000008995                intfs_vrestart
 .text.intfs_restart
                0x00000000000089f3       0x4a bin-x86_64-efi/blib.a(interface.o)
                0x00000000000089f3                intfs_restart
 .text.intf_poke
                0x0000000000008a3d       0x36 bin-x86_64-efi/blib.a(interface.o)
                0x0000000000008a3d                intf_poke
 .text.alloc_iob_raw
                0x0000000000008a73       0xa5 bin-x86_64-efi/blib.a(iobuf.o)
                0x0000000000008a73                alloc_iob_raw
 .text.alloc_iob
                0x0000000000008b18       0x17 bin-x86_64-efi/blib.a(iobuf.o)
                0x0000000000008b18                alloc_iob
 .text.free_iob
                0x0000000000008b2f       0x36 bin-x86_64-efi/blib.a(iobuf.o)
                0x0000000000008b2f                free_iob
 .text.iob_ensure_headroom
                0x0000000000008b65       0x15 bin-x86_64-efi/blib.a(iobuf.o)
                0x0000000000008b65                iob_ensure_headroom
 .text.ipv4_route
                0x0000000000008b7a       0x57 bin-x86_64-efi/blib.a(ipv4.o)
 .text.ipv4_netdev
                0x0000000000008bd1       0x2b bin-x86_64-efi/blib.a(ipv4.o)
 .text.ipv4_is_fragment
                0x0000000000008bfc       0x25 bin-x86_64-efi/blib.a(ipv4.o)
 .text.ipv4_more_fragments
                0x0000000000008c21        0xf bin-x86_64-efi/blib.a(ipv4.o)
 .text.ipv4_has_addr
                0x0000000000008c30       0x2c bin-x86_64-efi/blib.a(ipv4.o)
 .text.ipv4_fragment_offset
                0x0000000000008c5c       0x13 bin-x86_64-efi/blib.a(ipv4.o)
 .text.ipv4_pshdr_chksum
                0x0000000000008c6f       0x56 bin-x86_64-efi/blib.a(ipv4.o)
 .text.ipv4_gratuitous_arp
                0x0000000000008cc5       0x34 bin-x86_64-efi/blib.a(ipv4.o)
 .text.ipv4_settings
                0x0000000000008cf9      0x113 bin-x86_64-efi/blib.a(ipv4.o)
 .text.ipv4_create_routes
                0x0000000000008e0c       0x5e bin-x86_64-efi/blib.a(ipv4.o)
 .text.ipv4_arp_check
                0x0000000000008e6a       0x15 bin-x86_64-efi/blib.a(ipv4.o)
 .text.add_ipv4_miniroute
                0x0000000000008e7f       0x6b bin-x86_64-efi/blib.a(ipv4.o)
 .text.ipv4_tx  0x0000000000008eea      0x1ea bin-x86_64-efi/blib.a(ipv4.o)
 .text.ipv4_has_any_addr
                0x00000000000090d4       0x27 bin-x86_64-efi/blib.a(ipv4.o)
                0x00000000000090d4                ipv4_has_any_addr
 .text.ipv4_rx  0x00000000000090fb      0x1d7 bin-x86_64-efi/blib.a(ipv4.o)
 .text.inet_aton
                0x00000000000092d2       0x6a bin-x86_64-efi/blib.a(ipv4.o)
                0x00000000000092d2                inet_aton
 .text.ipv4_sock_aton
                0x000000000000933c       0x2c bin-x86_64-efi/blib.a(ipv4.o)
 .text.inet_ntoa
                0x0000000000009368       0x47 bin-x86_64-efi/blib.a(ipv4.o)
                0x0000000000009368                inet_ntoa
 .text.ipv4_ntoa
                0x00000000000093af        0x7 bin-x86_64-efi/blib.a(ipv4.o)
 .text.ipv4_sock_ntoa
                0x00000000000093b6        0x8 bin-x86_64-efi/blib.a(ipv4.o)
 .text.parse_ipv4_setting
                0x00000000000093be       0x4f bin-x86_64-efi/blib.a(ipv4.o)
                0x00000000000093be                parse_ipv4_setting
 .text.format_ipv4_setting
                0x000000000000940d       0x41 bin-x86_64-efi/blib.a(ipv4.o)
                0x000000000000940d                format_ipv4_setting
 .text.iscsi_tx_nothing
                0x000000000000944e        0x3 bin-x86_64-efi/blib.a(iscsi.o)
 .text.iscsi_rx_discard
                0x0000000000009451        0x3 bin-x86_64-efi/blib.a(iscsi.o)
 .text.iscsi_scsi_window
                0x0000000000009454       0x1e bin-x86_64-efi/blib.a(iscsi.o)
 .text.iscsi_describe
                0x0000000000009472        0x8 bin-x86_64-efi/blib.a(iscsi.o)
 .text.iscsi_rx_bhs
                0x000000000000947a       0x19 bin-x86_64-efi/blib.a(iscsi.o)
 .text.iscsi_build_login_request_strings
                0x0000000000009493      0x235 bin-x86_64-efi/blib.a(iscsi.o)
 .text.iscsi_tx_data
                0x00000000000096c8      0x11c bin-x86_64-efi/blib.a(iscsi.o)
 .text.iscsi_tx_bhs
                0x00000000000097e4       0x15 bin-x86_64-efi/blib.a(iscsi.o)
 .text.iscsi_tx_resume
                0x00000000000097f9        0xc bin-x86_64-efi/blib.a(iscsi.o)
 .text.iscsi_start_data_out
                0x0000000000009805       0xd8 bin-x86_64-efi/blib.a(iscsi.o)
 .text.iscsi_rx_buffered_data
                0x00000000000098dd       0x5e bin-x86_64-efi/blib.a(iscsi.o)
 .text.iscsi_handle_authmethod_value
                0x000000000000993b       0x25 bin-x86_64-efi/blib.a(iscsi.o)
 .text.iscsi_close
                0x0000000000009960       0x3a bin-x86_64-efi/blib.a(iscsi.o)
 .text.iscsi_tx_step
                0x000000000000999a      0x10c bin-x86_64-efi/blib.a(iscsi.o)
 .text.iscsi_vredirect
                0x0000000000009aa6       0xa9 bin-x86_64-efi/blib.a(iscsi.o)
 .text.iscsi_socket_deliver
                0x0000000000009b4f      0x131 bin-x86_64-efi/blib.a(iscsi.o)
 .text.iscsi_command_close
                0x0000000000009c80       0x35 bin-x86_64-efi/blib.a(iscsi.o)
 .text.iscsi_handle_chap_n_value
                0x0000000000009cb5       0x22 bin-x86_64-efi/blib.a(iscsi.o)
 .text.iscsi_handle_chap_a_value
                0x0000000000009cd7       0x1b bin-x86_64-efi/blib.a(iscsi.o)
 .text.iscsi_large_binary_decode
                0x0000000000009cf2       0x41 bin-x86_64-efi/blib.a(iscsi.o)
 .text.iscsi_handle_chap_r_value
                0x0000000000009d33      0x10a bin-x86_64-efi/blib.a(iscsi.o)
 .text.iscsi_handle_chap_c_value
                0x0000000000009e3d       0x9b bin-x86_64-efi/blib.a(iscsi.o)
 .text.iscsi_handle_targetaddress_value
                0x0000000000009ed8       0x62 bin-x86_64-efi/blib.a(iscsi.o)
 .text.iscsi_handle_chap_i_value
                0x0000000000009f3a       0x9c bin-x86_64-efi/blib.a(iscsi.o)
 .text.iscsi_free
                0x0000000000009fd6       0x8a bin-x86_64-efi/blib.a(iscsi.o)
 .text.iscsi_scsi_command
                0x000000000000a060      0x139 bin-x86_64-efi/blib.a(iscsi.o)
 .text.iscsi_start_login
                0x000000000000a199       0x9e bin-x86_64-efi/blib.a(iscsi.o)
 .text.iscsi_open_connection
                0x000000000000a237       0x97 bin-x86_64-efi/blib.a(iscsi.o)
 .text.iscsi_open
                0x000000000000a2ce      0x3a5 bin-x86_64-efi/blib.a(iscsi.o)
 .text.iscsi_rx_data
                0x000000000000a673      0x453 bin-x86_64-efi/blib.a(iscsi.o)
 .text.job_progress
                0x000000000000aac6       0x60 bin-x86_64-efi/blib.a(job.o)
                0x000000000000aac6                job_progress
 .text.buffered_line
                0x000000000000ab26       0x35 bin-x86_64-efi/blib.a(linebuf.o)
                0x000000000000ab26                buffered_line
 .text.empty_line_buffer
                0x000000000000ab5b       0x25 bin-x86_64-efi/blib.a(linebuf.o)
                0x000000000000ab5b                empty_line_buffer
 .text.line_buffer
                0x000000000000ab80       0xc5 bin-x86_64-efi/blib.a(linebuf.o)
                0x000000000000ab80                line_buffer
 .text.extern_list_add
                0x000000000000ac45       0x12 bin-x86_64-efi/blib.a(list.o)
                0x000000000000ac45                extern_list_add
 .text.extern_list_add_tail
                0x000000000000ac57       0x13 bin-x86_64-efi/blib.a(list.o)
                0x000000000000ac57                extern_list_add_tail
 .text.login_exec
                0x000000000000ac6a       0x45 bin-x86_64-efi/blib.a(login_cmd.o)
 .text.login_ui
                0x000000000000acaf      0x286 bin-x86_64-efi/blib.a(login_ui.o)
                0x000000000000acaf                login_ui
 .text.startup.main
                0x000000000000af35       0x4c bin-x86_64-efi/blib.a(main.o)
                0x000000000000af35                main
 .text.discard_cache
                0x000000000000af81       0x28 bin-x86_64-efi/blib.a(malloc.o)
 .text.shutdown_cache
                0x000000000000afa9        0xc bin-x86_64-efi/blib.a(malloc.o)
 .text.alloc_memblock
                0x000000000000afb5       0xe8 bin-x86_64-efi/blib.a(malloc.o)
                0x000000000000afb5                alloc_memblock
 .text.free_memblock
                0x000000000000b09d       0xc1 bin-x86_64-efi/blib.a(malloc.o)
                0x000000000000b09d                free_memblock
 .text.realloc  0x000000000000b15e       0x7c bin-x86_64-efi/blib.a(malloc.o)
                0x000000000000b15e                realloc
 .text.malloc   0x000000000000b1da        0xa bin-x86_64-efi/blib.a(malloc.o)
                0x000000000000b1da                malloc
 .text.free     0x000000000000b1e4        0x7 bin-x86_64-efi/blib.a(malloc.o)
                0x000000000000b1e4                free
 .text.zalloc   0x000000000000b1eb       0x20 bin-x86_64-efi/blib.a(malloc.o)
                0x000000000000b1eb                zalloc
 .text.mpopulate
                0x000000000000b20b       0x19 bin-x86_64-efi/blib.a(malloc.o)
                0x000000000000b20b                mpopulate
 .text.init_heap
                0x000000000000b224       0x11 bin-x86_64-efi/blib.a(malloc.o)
 .text.md5_f_0_15
                0x000000000000b235        0xe bin-x86_64-efi/blib.a(md5.o)
 .text.md5_f_16_31
                0x000000000000b243        0xe bin-x86_64-efi/blib.a(md5.o)
 .text.md5_f_32_47
                0x000000000000b251        0xa bin-x86_64-efi/blib.a(md5.o)
 .text.md5_f_48_63
                0x000000000000b25b        0xc bin-x86_64-efi/blib.a(md5.o)
 .text.md5_init
                0x000000000000b267       0x24 bin-x86_64-efi/blib.a(md5.o)
 .text.md5_update
                0x000000000000b28b      0x114 bin-x86_64-efi/blib.a(md5.o)
 .text.md5_final
                0x000000000000b39f       0x6b bin-x86_64-efi/blib.a(md5.o)
 .text.choose_exec
                0x000000000000b40a       0xe2 bin-x86_64-efi/blib.a(menu_cmd.o)
 .text.item_exec
                0x000000000000b4ec       0xc6 bin-x86_64-efi/blib.a(menu_cmd.o)
 .text.menu_exec
                0x000000000000b5b2       0x76 bin-x86_64-efi/blib.a(menu_cmd.o)
 .text.mvaddstr.constprop.1
                0x000000000000b628       0x33 bin-x86_64-efi/blib.a(menu_ui.o)
 .text.colour_set.constprop.3
                0x000000000000b65b       0x11 bin-x86_64-efi/blib.a(menu_ui.o)
 .text.draw_menu_item
                0x000000000000b66c      0x1a7 bin-x86_64-efi/blib.a(menu_ui.o)
 .text.draw_menu_items
                0x000000000000b813       0x81 bin-x86_64-efi/blib.a(menu_ui.o)
 .text.show_menu
                0x000000000000b894      0x308 bin-x86_64-efi/blib.a(menu_ui.o)
                0x000000000000b894                show_menu
 .text.monojob_close
                0x000000000000bb9c        0xb bin-x86_64-efi/blib.a(monojob.o)
 .text.monojob_clear
                0x000000000000bba7       0x4f bin-x86_64-efi/blib.a(monojob.o)
 .text.monojob_wait
                0x000000000000bbf6      0x1db bin-x86_64-efi/blib.a(monojob.o)
                0x000000000000bbf6                monojob_wait
 .text._wupdcurs
                0x000000000000bdd1       0x18 bin-x86_64-efi/blib.a(mucurses.o)
 .text._wputch  0x000000000000bde9       0x5a bin-x86_64-efi/blib.a(mucurses.o)
                0x000000000000bde9                _wputch
 .text._wputc   0x000000000000be43        0xc bin-x86_64-efi/blib.a(mucurses.o)
                0x000000000000be43                _wputc
 .text._wputstr
                0x000000000000be4f       0x38 bin-x86_64-efi/blib.a(mucurses.o)
                0x000000000000be4f                _wputstr
 .text.wmove    0x000000000000be87       0x1e bin-x86_64-efi/blib.a(mucurses.o)
                0x000000000000be87                wmove
 .text.curs_set
                0x000000000000bea5       0x14 bin-x86_64-efi/blib.a(mucurses.o)
                0x000000000000bea5                curs_set
 .text.neighbour_find
                0x000000000000beb9       0x8c bin-x86_64-efi/blib.a(neighbour.o)
 .text.neighbour_free
                0x000000000000bf45       0x16 bin-x86_64-efi/blib.a(neighbour.o)
 .text.neighbour_create
                0x000000000000bf5b       0xaa bin-x86_64-efi/blib.a(neighbour.o)
 .text.neighbour_destroy
                0x000000000000c005       0x60 bin-x86_64-efi/blib.a(neighbour.o)
 .text.neighbour_expired
                0x000000000000c065       0x52 bin-x86_64-efi/blib.a(neighbour.o)
 .text.neighbour_flush
                0x000000000000c0b7       0x49 bin-x86_64-efi/blib.a(neighbour.o)
 .text.neighbour_discard
                0x000000000000c100       0x2e bin-x86_64-efi/blib.a(neighbour.o)
 .text.neighbour_discovered
                0x000000000000c12e       0x82 bin-x86_64-efi/blib.a(neighbour.o)
 .text.neighbour_tx
                0x000000000000c1b0       0xd3 bin-x86_64-efi/blib.a(neighbour.o)
                0x000000000000c1b0                neighbour_tx
 .text.neighbour_update
                0x000000000000c283       0x24 bin-x86_64-efi/blib.a(neighbour.o)
                0x000000000000c283                neighbour_update
 .text.inline_list_del
                0x000000000000c2a7        0xf bin-x86_64-efi/blib.a(netdevice.o)
 .text.netdev_notify
                0x000000000000c2b6       0x33 bin-x86_64-efi/blib.a(netdevice.o)
 .text.netdev_link_block_expired
                0x000000000000c2e9        0x1 bin-x86_64-efi/blib.a(netdevice.o)
 .text.net_discard
                0x000000000000c2ea       0x65 bin-x86_64-efi/blib.a(netdevice.o)
 .text.netdev_config_close
                0x000000000000c34f       0x18 bin-x86_64-efi/blib.a(netdevice.o)
 .text.netdev_record_stat.part.7
                0x000000000000c367       0x33 bin-x86_64-efi/blib.a(netdevice.o)
 .text.netdev_link_err
                0x000000000000c39a       0x25 bin-x86_64-efi/blib.a(netdevice.o)
                0x000000000000c39a                netdev_link_err
 .text.netdev_link_down
                0x000000000000c3bf       0x1c bin-x86_64-efi/blib.a(netdevice.o)
                0x000000000000c3bf                netdev_link_down
 .text.netdev_link_block
                0x000000000000c3db        0xc bin-x86_64-efi/blib.a(netdevice.o)
                0x000000000000c3db                netdev_link_block
 .text.netdev_link_unblock
                0x000000000000c3e7        0xc bin-x86_64-efi/blib.a(netdevice.o)
                0x000000000000c3e7                netdev_link_unblock
 .text.netdev_tx_err
                0x000000000000c3f3       0x27 bin-x86_64-efi/blib.a(netdevice.o)
                0x000000000000c3f3                netdev_tx_err
 .text.netdev_tx_defer
                0x000000000000c41a       0x32 bin-x86_64-efi/blib.a(netdevice.o)
                0x000000000000c41a                netdev_tx_defer
 .text.netdev_tx_complete_err
                0x000000000000c44c       0x7f bin-x86_64-efi/blib.a(netdevice.o)
                0x000000000000c44c                netdev_tx_complete_err
 .text.netdev_tx
                0x000000000000c4cb       0x52 bin-x86_64-efi/blib.a(netdevice.o)
                0x000000000000c4cb                netdev_tx
 .text.netdev_tx_complete_next_err
                0x000000000000c51d       0x20 bin-x86_64-efi/blib.a(netdevice.o)
                0x000000000000c51d                netdev_tx_complete_next_err
 .text.netdev_tx_flush
                0x000000000000c53d       0x29 bin-x86_64-efi/blib.a(netdevice.o)
 .text.netdev_rx
                0x000000000000c566       0x1b bin-x86_64-efi/blib.a(netdevice.o)
                0x000000000000c566                netdev_rx
 .text.netdev_rx_err
                0x000000000000c581       0x2f bin-x86_64-efi/blib.a(netdevice.o)
                0x000000000000c581                netdev_rx_err
 .text.netdev_poll
                0x000000000000c5b0       0x14 bin-x86_64-efi/blib.a(netdevice.o)
                0x000000000000c5b0                netdev_poll
 .text.netdev_rx_dequeue
                0x000000000000c5c4       0x28 bin-x86_64-efi/blib.a(netdevice.o)
                0x000000000000c5c4                netdev_rx_dequeue
 .text.netdev_rx_flush
                0x000000000000c5ec       0x25 bin-x86_64-efi/blib.a(netdevice.o)
 .text.free_netdev
                0x000000000000c611       0x35 bin-x86_64-efi/blib.a(netdevice.o)
 .text.alloc_netdev
                0x000000000000c646      0x16b bin-x86_64-efi/blib.a(netdevice.o)
                0x000000000000c646                alloc_netdev
 .text.netdev_open
                0x000000000000c7b1       0x4e bin-x86_64-efi/blib.a(netdevice.o)
                0x000000000000c7b1                netdev_open
 .text.netdev_close
                0x000000000000c7ff       0x8a bin-x86_64-efi/blib.a(netdevice.o)
                0x000000000000c7ff                netdev_close
 .text.unregister_netdev
                0x000000000000c889       0x76 bin-x86_64-efi/blib.a(netdevice.o)
                0x000000000000c889                unregister_netdev
 .text.find_netdev_by_ll_addr
                0x000000000000c8ff       0x5b bin-x86_64-efi/blib.a(netdevice.o)
                0x000000000000c8ff                find_netdev_by_ll_addr
 .text.last_opened_netdev
                0x000000000000c95a       0x1b bin-x86_64-efi/blib.a(netdevice.o)
                0x000000000000c95a                last_opened_netdev
 .text.find_netdev
                0x000000000000c975       0x61 bin-x86_64-efi/blib.a(netdevice.o)
                0x000000000000c975                find_netdev
 .text.register_netdev
                0x000000000000c9d6      0x199 bin-x86_64-efi/blib.a(netdevice.o)
                0x000000000000c9d6                register_netdev
 .text.net_tx   0x000000000000cb6f       0x58 bin-x86_64-efi/blib.a(netdevice.o)
                0x000000000000cb6f                net_tx
 .text.net_rx   0x000000000000cbc7       0x3e bin-x86_64-efi/blib.a(netdevice.o)
                0x000000000000cbc7                net_rx
 .text.net_poll
                0x000000000000cc05       0xd2 bin-x86_64-efi/blib.a(netdevice.o)
                0x000000000000cc05                net_poll
 .text.net_step
                0x000000000000ccd7        0x5 bin-x86_64-efi/blib.a(netdevice.o)
 .text.vlan_tag
                0x000000000000ccdc        0x3 bin-x86_64-efi/blib.a(netdevice.o)
                0x000000000000ccdc                vlan_tag
 .text.find_netdev_configurator
                0x000000000000ccdf       0x3b bin-x86_64-efi/blib.a(netdevice.o)
                0x000000000000ccdf                find_netdev_configurator
 .text.netdev_configure
                0x000000000000cd1a       0x7e bin-x86_64-efi/blib.a(netdevice.o)
                0x000000000000cd1a                netdev_configure
 .text.netdev_configure_all
                0x000000000000cd98       0x4a bin-x86_64-efi/blib.a(netdevice.o)
                0x000000000000cd98                netdev_configure_all
 .text.netdev_configuration_in_progress
                0x000000000000cde2       0x3e bin-x86_64-efi/blib.a(netdevice.o)
                0x000000000000cde2                netdev_configuration_in_progress
 .text.netdev_configuration_ok
                0x000000000000ce20       0x3b bin-x86_64-efi/blib.a(netdevice.o)
                0x000000000000ce20                netdev_configuration_ok
 .text.nvo_applies
                0x000000000000ce5b       0x1d bin-x86_64-efi/blib.a(nvo.o)
                0x000000000000ce5b                nvo_applies
 .text.clear_value
                0x000000000000ce78        0xa bin-x86_64-efi/blib.a(nvo_cmd.o)
 .text.inc_exec
                0x000000000000ce82      0x102 bin-x86_64-efi/blib.a(nvo_cmd.o)
 .text.read_value
                0x000000000000cf84       0x47 bin-x86_64-efi/blib.a(nvo_cmd.o)
 .text.set_core_exec
                0x000000000000cfcb       0xc0 bin-x86_64-efi/blib.a(nvo_cmd.o)
 .text.read_exec
                0x000000000000d08b       0x13 bin-x86_64-efi/blib.a(nvo_cmd.o)
 .text.clear_exec
                0x000000000000d09e       0x13 bin-x86_64-efi/blib.a(nvo_cmd.o)
 .text.set_exec
                0x000000000000d0b1       0x13 bin-x86_64-efi/blib.a(nvo_cmd.o)
 .text.set_value
                0x000000000000d0c4       0x1f bin-x86_64-efi/blib.a(nvo_cmd.o)
 .text.show_exec
                0x000000000000d0e3       0xdf bin-x86_64-efi/blib.a(nvo_cmd.o)
 .text.xfer_uri_opener
                0x000000000000d1c2       0x3b bin-x86_64-efi/blib.a(open.o)
                0x000000000000d1c2                xfer_uri_opener
 .text.xfer_open_uri
                0x000000000000d1fd       0x59 bin-x86_64-efi/blib.a(open.o)
                0x000000000000d1fd                xfer_open_uri
 .text.xfer_open_uri_string
                0x000000000000d256       0x38 bin-x86_64-efi/blib.a(open.o)
                0x000000000000d256                xfer_open_uri_string
 .text.xfer_open_socket
                0x000000000000d28e       0x3b bin-x86_64-efi/blib.a(open.o)
                0x000000000000d28e                xfer_open_socket
 .text.xfer_vopen
                0x000000000000d2c9       0xdf bin-x86_64-efi/blib.a(open.o)
                0x000000000000d2c9                xfer_vopen
 .text.xfer_open
                0x000000000000d3a8       0x43 bin-x86_64-efi/blib.a(open.o)
                0x000000000000d3a8                xfer_open
 .text.xfer_vreopen
                0x000000000000d3eb       0x2c bin-x86_64-efi/blib.a(open.o)
                0x000000000000d3eb                xfer_vreopen
 .text.parse_string
                0x000000000000d417        0x6 bin-x86_64-efi/blib.a(parseopt.o)
                0x000000000000d417                parse_string
 .text.parse_integer
                0x000000000000d41d       0x42 bin-x86_64-efi/blib.a(parseopt.o)
                0x000000000000d41d                parse_integer
 .text.parse_timeout
                0x000000000000d45f       0x23 bin-x86_64-efi/blib.a(parseopt.o)
                0x000000000000d45f                parse_timeout
 .text.parse_netdev
                0x000000000000d482       0x33 bin-x86_64-efi/blib.a(parseopt.o)
                0x000000000000d482                parse_netdev
 .text.parse_netdev_configurator
                0x000000000000d4b5       0x33 bin-x86_64-efi/blib.a(parseopt.o)
                0x000000000000d4b5                parse_netdev_configurator
 .text.parse_menu
                0x000000000000d4e8       0x48 bin-x86_64-efi/blib.a(parseopt.o)
                0x000000000000d4e8                parse_menu
 .text.parse_flag
                0x000000000000d530        0x9 bin-x86_64-efi/blib.a(parseopt.o)
                0x000000000000d530                parse_flag
 .text.parse_key
                0x000000000000d539       0x17 bin-x86_64-efi/blib.a(parseopt.o)
                0x000000000000d539                parse_key
 .text.parse_settings
                0x000000000000d550       0x33 bin-x86_64-efi/blib.a(parseopt.o)
                0x000000000000d550                parse_settings
 .text.parse_setting
                0x000000000000d583       0x35 bin-x86_64-efi/blib.a(parseopt.o)
                0x000000000000d583                parse_setting
 .text.parse_existing_setting
                0x000000000000d5b8        0xc bin-x86_64-efi/blib.a(parseopt.o)
                0x000000000000d5b8                parse_existing_setting
 .text.parse_autovivified_setting
                0x000000000000d5c4        0xc bin-x86_64-efi/blib.a(parseopt.o)
                0x000000000000d5c4                parse_autovivified_setting
 .text.print_usage
                0x000000000000d5d0       0xd0 bin-x86_64-efi/blib.a(parseopt.o)
                0x000000000000d5d0                print_usage
 .text.reparse_options
                0x000000000000d6a0      0x1b8 bin-x86_64-efi/blib.a(parseopt.o)
                0x000000000000d6a0                reparse_options
 .text.parse_options
                0x000000000000d858       0x20 bin-x86_64-efi/blib.a(parseopt.o)
                0x000000000000d858                parse_options
 .text.pci_settings_applies
                0x000000000000d878       0x12 bin-x86_64-efi/blib.a(pci_settings.o)
 .text.pci_settings_init
                0x000000000000d88a       0x15 bin-x86_64-efi/blib.a(pci_settings.o)
 .text.pci_settings_fetch
                0x000000000000d89f       0x9c bin-x86_64-efi/blib.a(pci_settings.o)
 .text.pool_recycle
                0x000000000000d93b        0xc bin-x86_64-efi/blib.a(pool.o)
                0x000000000000d93b                pool_recycle
 .text.pool_reopen
                0x000000000000d947        0xc bin-x86_64-efi/blib.a(pool.o)
                0x000000000000d947                pool_reopen
 .text.pool_add
                0x000000000000d953       0x1d bin-x86_64-efi/blib.a(pool.o)
                0x000000000000d953                pool_add
 .text.pool_del
                0x000000000000d970       0x2b bin-x86_64-efi/blib.a(pool.o)
                0x000000000000d970                pool_del
 .text.pool_expired
                0x000000000000d99b       0x24 bin-x86_64-efi/blib.a(pool.o)
                0x000000000000d99b                pool_expired
 .text._printw_handler
                0x000000000000d9bf        0xe bin-x86_64-efi/blib.a(print.o)
 .text.waddnstr
                0x000000000000d9cd        0xe bin-x86_64-efi/blib.a(print.o)
                0x000000000000d9cd                waddnstr
 .text.vw_printw
                0x000000000000d9db       0x23 bin-x86_64-efi/blib.a(print.o)
                0x000000000000d9db                vw_printw
 .text.wprintw  0x000000000000d9fe       0x43 bin-x86_64-efi/blib.a(print.o)
                0x000000000000d9fe                wprintw
 .text.process_object
                0x000000000000da41        0xc bin-x86_64-efi/blib.a(process.o)
                0x000000000000da41                process_object
 .text.process_add
                0x000000000000da4d       0x24 bin-x86_64-efi/blib.a(process.o)
                0x000000000000da4d                process_add
 .text.init_processes
                0x000000000000da71       0x28 bin-x86_64-efi/blib.a(process.o)
 .text.process_del
                0x000000000000da99       0x24 bin-x86_64-efi/blib.a(process.o)
                0x000000000000da99                process_del
 .text.step     0x000000000000dabd       0x7e bin-x86_64-efi/blib.a(process.o)
                0x000000000000dabd                step
 .text.srandom  0x000000000000db3b       0x11 bin-x86_64-efi/blib.a(random.o)
                0x000000000000db3b                srandom
 .text.random   0x000000000000db4c       0x54 bin-x86_64-efi/blib.a(random.o)
                0x000000000000db4c                random
 .text.sync_console
                0x000000000000dba0       0x81 bin-x86_64-efi/blib.a(readline.o)
 .text.history_free
                0x000000000000dc21       0x23 bin-x86_64-efi/blib.a(readline.o)
                0x000000000000dc21                history_free
 .text.readline_history
                0x000000000000dc44      0x264 bin-x86_64-efi/blib.a(readline.o)
                0x000000000000dc44                readline_history
 .text.reboot_exec
                0x000000000000dea8       0x2f bin-x86_64-efi/blib.a(reboot_cmd.o)
 .text.ref_increment
                0x000000000000ded7        0x8 bin-x86_64-efi/blib.a(refcnt.o)
                0x000000000000ded7                ref_increment
 .text.ref_decrement
                0x000000000000dedf       0x20 bin-x86_64-efi/blib.a(refcnt.o)
                0x000000000000dedf                ref_decrement
 .text.ref_no_free
                0x000000000000deff        0x1 bin-x86_64-efi/blib.a(refcnt.o)
                0x000000000000deff                ref_no_free
 .text.resmux_try
                0x000000000000df00       0x16 bin-x86_64-efi/blib.a(resolv.o)
 .text.named_window
                0x000000000000df16        0x3 bin-x86_64-efi/blib.a(resolv.o)
 .text.resolv_done
                0x000000000000df19       0x45 bin-x86_64-efi/blib.a(resolv.o)
                0x000000000000df19                resolv_done
 .text.numeric_step
                0x000000000000df5e       0x2a bin-x86_64-efi/blib.a(resolv.o)
 .text.resmux_close
                0x000000000000df88       0x1f bin-x86_64-efi/blib.a(resolv.o)
 .text.named_close
                0x000000000000dfa7       0x1f bin-x86_64-efi/blib.a(resolv.o)
 .text.resmux_child_close
                0x000000000000dfc6       0x4c bin-x86_64-efi/blib.a(resolv.o)
 .text.named_resolv_done
                0x000000000000e012       0x58 bin-x86_64-efi/blib.a(resolv.o)
 .text.numeric_resolv
                0x000000000000e06a       0xa9 bin-x86_64-efi/blib.a(resolv.o)
 .text.resolv   0x000000000000e113       0xdd bin-x86_64-efi/blib.a(resolv.o)
                0x000000000000e113                resolv
 .text.xfer_open_named_socket
                0x000000000000e1f0       0xe1 bin-x86_64-efi/blib.a(resolv.o)
                0x000000000000e1f0                xfer_open_named_socket
 .text.start_timer_fixed
                0x000000000000e2d1       0x3c bin-x86_64-efi/blib.a(retry.o)
                0x000000000000e2d1                start_timer_fixed
 .text.start_timer
                0x000000000000e30d       0x2d bin-x86_64-efi/blib.a(retry.o)
                0x000000000000e30d                start_timer
 .text.stop_timer
                0x000000000000e33a       0x5d bin-x86_64-efi/blib.a(retry.o)
                0x000000000000e33a                stop_timer
 .text.retry_poll
                0x000000000000e397       0x7f bin-x86_64-efi/blib.a(retry.o)
                0x000000000000e397                retry_poll
 .text.retry_step
                0x000000000000e416        0x5 bin-x86_64-efi/blib.a(retry.o)
 .text.route_exec
                0x000000000000e41b       0x2b bin-x86_64-efi/blib.a(route_cmd.o)
 .text.sanboot_core_exec
                0x000000000000e446      0x112 bin-x86_64-efi/blib.a(sanboot_cmd.o)
 .text.sanunhook_exec
                0x000000000000e558       0x14 bin-x86_64-efi/blib.a(sanboot_cmd.o)
 .text.sanboot_exec
                0x000000000000e56c       0x14 bin-x86_64-efi/blib.a(sanboot_cmd.o)
 .text.sanhook_exec
                0x000000000000e580       0x14 bin-x86_64-efi/blib.a(sanboot_cmd.o)
 .text.terminate_on_label_found
                0x000000000000e594        0x8 bin-x86_64-efi/blib.a(script.o)
 .text.terminate_on_exit_or_failure
                0x000000000000e59c       0x21 bin-x86_64-efi/blib.a(script.o)
 .text.script_exec_line
                0x000000000000e5bd        0x8 bin-x86_64-efi/blib.a(script.o)
 .text.process_script
                0x000000000000e5c5      0x1aa bin-x86_64-efi/blib.a(script.o)
 .text.script_exec
                0x000000000000e76f       0x48 bin-x86_64-efi/blib.a(script.o)
 .text.script_probe
                0x000000000000e7b7       0x6f bin-x86_64-efi/blib.a(script.o)
 .text.prompt_exec
                0x000000000000e826       0x74 bin-x86_64-efi/blib.a(script.o)
 .text.goto_exec
                0x000000000000e89a       0x9d bin-x86_64-efi/blib.a(script.o)
 .text.goto_find_label
                0x000000000000e937       0x32 bin-x86_64-efi/blib.a(script.o)
 .text.scsicmd_read_capacity_cmd
                0x000000000000e969       0x3d bin-x86_64-efi/blib.a(scsi.o)
 .text.scsicmd_test_unit_ready_cmd
                0x000000000000e9a6        0x5 bin-x86_64-efi/blib.a(scsi.o)
 .text.scsicmd_write_cmd
                0x000000000000e9ab       0x57 bin-x86_64-efi/blib.a(scsi.o)
 .text.scsicmd_read_cmd
                0x000000000000ea02       0x57 bin-x86_64-efi/blib.a(scsi.o)
 .text.scsi_command
                0x000000000000ea59       0x5e bin-x86_64-efi/blib.a(scsi.o)
                0x000000000000ea59                scsi_command
 .text.scsicmd_command
                0x000000000000eab7       0x65 bin-x86_64-efi/blib.a(scsi.o)
 .text.scsi_response
                0x000000000000eb1c       0x45 bin-x86_64-efi/blib.a(scsi.o)
                0x000000000000eb1c                scsi_response
 .text.scsidev_window
                0x000000000000eb61       0x12 bin-x86_64-efi/blib.a(scsi.o)
 .text.scsicmd_close
                0x000000000000eb73       0x2f bin-x86_64-efi/blib.a(scsi.o)
 .text.scsicmd_done
                0x000000000000eba2       0x23 bin-x86_64-efi/blib.a(scsi.o)
 .text.scsicmd_free
                0x000000000000ebc5       0x16 bin-x86_64-efi/blib.a(scsi.o)
 .text.scsidev_command
                0x000000000000ebdb      0x109 bin-x86_64-efi/blib.a(scsi.o)
 .text.scsidev_read_capacity
                0x000000000000ece4       0x25 bin-x86_64-efi/blib.a(scsi.o)
 .text.scsidev_write
                0x000000000000ed09       0x22 bin-x86_64-efi/blib.a(scsi.o)
 .text.scsidev_read
                0x000000000000ed2b       0x22 bin-x86_64-efi/blib.a(scsi.o)
 .text.scsidev_close
                0x000000000000ed4d       0x6b bin-x86_64-efi/blib.a(scsi.o)
 .text.scsicmd_read_capacity_done
                0x000000000000edb8       0x99 bin-x86_64-efi/blib.a(scsi.o)
 .text.scsicmd_response
                0x000000000000ee51       0x20 bin-x86_64-efi/blib.a(scsi.o)
 .text.scsidev_step
                0x000000000000ee71       0x5c bin-x86_64-efi/blib.a(scsi.o)
 .text.scsidev_ready
                0x000000000000eecd       0x5a bin-x86_64-efi/blib.a(scsi.o)
 .text.scsi_parse_lun
                0x000000000000ef27       0x86 bin-x86_64-efi/blib.a(scsi.o)
                0x000000000000ef27                scsi_parse_lun
 .text.scsi_parse_sense
                0x000000000000efad       0x28 bin-x86_64-efi/blib.a(scsi.o)
                0x000000000000efad                scsi_parse_sense
 .text.scsi_open
                0x000000000000efd5      0x100 bin-x86_64-efi/blib.a(scsi.o)
                0x000000000000efd5                scsi_open
 .text.apply_settings
                0x000000000000f0d5       0x28 bin-x86_64-efi/blib.a(settings.o)
 .text.parse_ipv6_setting
                0x000000000000f0fd        0x6 bin-x86_64-efi/blib.a(settings.o)
                0x000000000000f0fd                parse_ipv6_setting
 .text.format_ipv6_setting
                0x000000000000f103        0x6 bin-x86_64-efi/blib.a(settings.o)
                0x000000000000f103                format_ipv6_setting
 .text.builtin_applies
                0x000000000000f109       0x12 bin-x86_64-efi/blib.a(settings.o)
 .text.fetch_string_setting_copy_alloc
                0x000000000000f11b        0x8 bin-x86_64-efi/blib.a(settings.o)
 .text.format_string_setting
                0x000000000000f123       0x27 bin-x86_64-efi/blib.a(settings.o)
 .text.parse_string_setting
                0x000000000000f14a       0x40 bin-x86_64-efi/blib.a(settings.o)
 .text.denumerate_int_setting
                0x000000000000f18a       0x52 bin-x86_64-efi/blib.a(settings.o)
 .text.errno_fetch
                0x000000000000f1dc       0x31 bin-x86_64-efi/blib.a(settings.o)
 .text.format_int_setting
                0x000000000000f20d       0x40 bin-x86_64-efi/blib.a(settings.o)
 .text.format_uint_setting
                0x000000000000f24d       0x40 bin-x86_64-efi/blib.a(settings.o)
 .text.parse_settings_name
                0x000000000000f28d       0x80 bin-x86_64-efi/blib.a(settings.o)
 .text.format_uristring_setting
                0x000000000000f30d        0xa bin-x86_64-efi/blib.a(settings.o)
 .text.parse_uristring_setting
                0x000000000000f317       0x11 bin-x86_64-efi/blib.a(settings.o)
 .text.format_hex_colon_setting
                0x000000000000f328        0xd bin-x86_64-efi/blib.a(settings.o)
 .text.format_hex_hyphen_setting
                0x000000000000f335        0xd bin-x86_64-efi/blib.a(settings.o)
 .text.format_hex_raw_setting
                0x000000000000f342        0xa bin-x86_64-efi/blib.a(settings.o)
 .text.parse_hex_setting
                0x000000000000f34c        0xa bin-x86_64-efi/blib.a(settings.o)
 .text.parse_hex_hyphen_setting
                0x000000000000f356        0xa bin-x86_64-efi/blib.a(settings.o)
 .text.parse_hex_raw_setting
                0x000000000000f360        0x7 bin-x86_64-efi/blib.a(settings.o)
 .text.format_base64_setting
                0x000000000000f367       0x14 bin-x86_64-efi/blib.a(settings.o)
 .text.parse_base64_setting
                0x000000000000f37b        0xe bin-x86_64-efi/blib.a(settings.o)
 .text.buildarch_fetch
                0x000000000000f389       0x17 bin-x86_64-efi/blib.a(settings.o)
 .text.platform_fetch
                0x000000000000f3a0       0x17 bin-x86_64-efi/blib.a(settings.o)
 .text.version_fetch
                0x000000000000f3b7       0x1e bin-x86_64-efi/blib.a(settings.o)
 .text.unixtime_fetch
                0x000000000000f3d5       0x46 bin-x86_64-efi/blib.a(settings.o)
 .text.numeric_setting_value
                0x000000000000f41b       0x5c bin-x86_64-efi/blib.a(settings.o)
 .text.numerate_int_setting
                0x000000000000f477       0x1f bin-x86_64-efi/blib.a(settings.o)
 .text.format_busdevfn_setting
                0x000000000000f496       0x5d bin-x86_64-efi/blib.a(settings.o)
 .text.parse_int_setting
                0x000000000000f4f3       0x49 bin-x86_64-efi/blib.a(settings.o)
 .text.format_uuid_setting
                0x000000000000f53c       0x42 bin-x86_64-efi/blib.a(settings.o)
 .text.generic_settings_clear
                0x000000000000f57e       0x35 bin-x86_64-efi/blib.a(settings.o)
                0x000000000000f57e                generic_settings_clear
 .text.autovivified_settings_free
                0x000000000000f5b3       0x16 bin-x86_64-efi/blib.a(settings.o)
 .text.find_settings
                0x000000000000f5c9        0xc bin-x86_64-efi/blib.a(settings.o)
                0x000000000000f5c9                find_settings
 .text.unregister_settings
                0x000000000000f5d5       0x53 bin-x86_64-efi/blib.a(settings.o)
                0x000000000000f5d5                unregister_settings
 .text.settings_target
                0x000000000000f628       0x20 bin-x86_64-efi/blib.a(settings.o)
                0x000000000000f628                settings_target
 .text.find_child_settings
                0x000000000000f648       0x54 bin-x86_64-efi/blib.a(settings.o)
                0x000000000000f648                find_child_settings
 .text.settings_name
                0x000000000000f69c       0x6e bin-x86_64-efi/blib.a(settings.o)
                0x000000000000f69c                settings_name
 .text.setting_applies
                0x000000000000f70a       0x33 bin-x86_64-efi/blib.a(settings.o)
                0x000000000000f70a                setting_applies
 .text.clear_settings
                0x000000000000f73d       0x1b bin-x86_64-efi/blib.a(settings.o)
                0x000000000000f73d                clear_settings
 .text.setting_cmp
                0x000000000000f758       0x3c bin-x86_64-efi/blib.a(settings.o)
                0x000000000000f758                setting_cmp
 .text.generic_settings_store
                0x000000000000f794       0xf4 bin-x86_64-efi/blib.a(settings.o)
                0x000000000000f794                generic_settings_store
 .text.fetch_setting
                0x000000000000f888      0x181 bin-x86_64-efi/blib.a(settings.o)
                0x000000000000f888                fetch_setting
 .text.fetch_setting_alloc
                0x000000000000fa09       0x8c bin-x86_64-efi/blib.a(settings.o)
 .text.fetch_setting_copy
                0x000000000000fa95        0xc bin-x86_64-efi/blib.a(settings.o)
                0x000000000000fa95                fetch_setting_copy
 .text.fetch_raw_setting_copy
                0x000000000000faa1        0xc bin-x86_64-efi/blib.a(settings.o)
                0x000000000000faa1                fetch_raw_setting_copy
 .text.fetch_string_setting_copy
                0x000000000000faad       0x13 bin-x86_64-efi/blib.a(settings.o)
                0x000000000000faad                fetch_string_setting_copy
 .text.fetch_raw_setting
                0x000000000000fac0        0xf bin-x86_64-efi/blib.a(settings.o)
                0x000000000000fac0                fetch_raw_setting
 .text.fetch_string_setting
                0x000000000000facf       0x22 bin-x86_64-efi/blib.a(settings.o)
                0x000000000000facf                fetch_string_setting
 .text.fetch_ipv4_array_setting
                0x000000000000faf1       0x1c bin-x86_64-efi/blib.a(settings.o)
                0x000000000000faf1                fetch_ipv4_array_setting
 .text.fetch_ipv4_setting
                0x000000000000fb0d        0xa bin-x86_64-efi/blib.a(settings.o)
                0x000000000000fb0d                fetch_ipv4_setting
 .text.fetch_ipv6_array_setting
                0x000000000000fb17       0x1c bin-x86_64-efi/blib.a(settings.o)
                0x000000000000fb17                fetch_ipv6_array_setting
 .text.fetch_ipv6_setting
                0x000000000000fb33        0xa bin-x86_64-efi/blib.a(settings.o)
                0x000000000000fb33                fetch_ipv6_setting
 .text.fetch_numeric_setting
                0x000000000000fb3d       0x45 bin-x86_64-efi/blib.a(settings.o)
                0x000000000000fb3d                fetch_numeric_setting
 .text.fetch_uint_setting
                0x000000000000fb82        0x7 bin-x86_64-efi/blib.a(settings.o)
                0x000000000000fb82                fetch_uint_setting
 .text.fetch_intz_setting
                0x000000000000fb89       0x1d bin-x86_64-efi/blib.a(settings.o)
                0x000000000000fb89                fetch_intz_setting
 .text.reprioritise_settings
                0x000000000000fba6       0xa5 bin-x86_64-efi/blib.a(settings.o)
 .text.register_settings
                0x000000000000fc4b       0x67 bin-x86_64-efi/blib.a(settings.o)
                0x000000000000fc4b                register_settings
 .text.autovivify_child_settings
                0x000000000000fcb2       0xd6 bin-x86_64-efi/blib.a(settings.o)
                0x000000000000fcb2                autovivify_child_settings
 .text.builtin_init
                0x000000000000fd88       0x15 bin-x86_64-efi/blib.a(settings.o)
 .text.fetch_uintz_setting
                0x000000000000fd9d       0x1a bin-x86_64-efi/blib.a(settings.o)
                0x000000000000fd9d                fetch_uintz_setting
 .text.fetch_uuid_setting
                0x000000000000fdb7       0x26 bin-x86_64-efi/blib.a(settings.o)
                0x000000000000fdb7                fetch_uuid_setting
 .text.store_setting
                0x000000000000fddd       0x9d bin-x86_64-efi/blib.a(settings.o)
                0x000000000000fddd                store_setting
 .text.builtin_fetch
                0x000000000000fe7a       0x5b bin-x86_64-efi/blib.a(settings.o)
 .text.generic_settings_fetch
                0x000000000000fed5       0x79 bin-x86_64-efi/blib.a(settings.o)
                0x000000000000fed5                generic_settings_fetch
 .text.setting_format
                0x000000000000ff4e       0x11 bin-x86_64-efi/blib.a(settings.o)
                0x000000000000ff4e                setting_format
 .text.setting_parse
                0x000000000000ff5f       0x11 bin-x86_64-efi/blib.a(settings.o)
                0x000000000000ff5f                setting_parse
 .text.setting_numerate
                0x000000000000ff70       0x11 bin-x86_64-efi/blib.a(settings.o)
                0x000000000000ff70                setting_numerate
 .text.setting_denumerate
                0x000000000000ff81       0x11 bin-x86_64-efi/blib.a(settings.o)
                0x000000000000ff81                setting_denumerate
 .text.fetchf_setting
                0x000000000000ff92       0x63 bin-x86_64-efi/blib.a(settings.o)
                0x000000000000ff92                fetchf_setting
 .text.fetchf_setting_copy
                0x000000000000fff5       0x93 bin-x86_64-efi/blib.a(settings.o)
                0x000000000000fff5                fetchf_setting_copy
 .text.storef_setting
                0x0000000000010088       0x98 bin-x86_64-efi/blib.a(settings.o)
                0x0000000000010088                storef_setting
 .text.fetchn_setting
                0x0000000000010120       0x56 bin-x86_64-efi/blib.a(settings.o)
                0x0000000000010120                fetchn_setting
 .text.storen_setting
                0x0000000000010176       0x84 bin-x86_64-efi/blib.a(settings.o)
                0x0000000000010176                storen_setting
 .text.find_setting
                0x00000000000101fa       0x3b bin-x86_64-efi/blib.a(settings.o)
                0x00000000000101fa                find_setting
 .text.parse_setting_name
                0x0000000000010235      0x18e bin-x86_64-efi/blib.a(settings.o)
                0x0000000000010235                parse_setting_name
 .text.setting_name
                0x00000000000103c3       0x61 bin-x86_64-efi/blib.a(settings.o)
                0x00000000000103c3                setting_name
 .text.expand_settings
                0x0000000000010424      0x118 bin-x86_64-efi/blib.a(settings.o)
                0x0000000000010424                expand_settings
 .text.clearmsg
                0x000000000001053c       0x1e bin-x86_64-efi/blib.a(settings_ui.o)
 .text.vmsg     0x000000000001055a       0x6b bin-x86_64-efi/blib.a(settings_ui.o)
 .text.msg      0x00000000000105c5       0x43 bin-x86_64-efi/blib.a(settings_ui.o)
 .text.string_copy
                0x0000000000010608       0x3a bin-x86_64-efi/blib.a(settings_ui.o)
 .text.select_setting_row
                0x0000000000010642      0x17a bin-x86_64-efi/blib.a(settings_ui.o)
 .text.mvaddstr.constprop.4
                0x00000000000107bc       0x33 bin-x86_64-efi/blib.a(settings_ui.o)
 .text.colour_set.constprop.5
                0x00000000000107ef       0x11 bin-x86_64-efi/blib.a(settings_ui.o)
 .text.alert.constprop.2
                0x0000000000010800       0x92 bin-x86_64-efi/blib.a(settings_ui.o)
 .text.draw_setting_row
                0x0000000000010892      0x133 bin-x86_64-efi/blib.a(settings_ui.o)
 .text.draw_setting_rows
                0x00000000000109c5       0x98 bin-x86_64-efi/blib.a(settings_ui.o)
 .text.select_settings
                0x0000000000010a5d       0xb0 bin-x86_64-efi/blib.a(settings_ui.o)
 .text.main_loop
                0x0000000000010b0d      0x310 bin-x86_64-efi/blib.a(settings_ui.o)
 .text.settings_ui
                0x0000000000010e1d       0x32 bin-x86_64-efi/blib.a(settings_ui.o)
                0x0000000000010e1d                settings_ui
 .text.help_exec
                0x0000000000010e4f       0x84 bin-x86_64-efi/blib.a(shell.o)
 .text.shell    0x0000000000010ed3       0x72 bin-x86_64-efi/blib.a(shell.o)
                0x0000000000010ed3                shell
 .text.shell_exec
                0x0000000000010f45       0x23 bin-x86_64-efi/blib.a(shell.o)
 .text.smbios_applies
                0x0000000000010f68       0x12 bin-x86_64-efi/blib.a(smbios_settings.o)
 .text.smbios_init
                0x0000000000010f7a       0x15 bin-x86_64-efi/blib.a(smbios_settings.o)
 .text.smbios_fetch
                0x0000000000010f8f      0x139 bin-x86_64-efi/blib.a(smbios_settings.o)
 .text.chained_supported
                0x00000000000110c8       0x96 bin-x86_64-efi/blib.a(snponly.o)
 .text.snponly_supported
                0x000000000001115e        0xc bin-x86_64-efi/blib.a(snponly.o)
 .text.niionly_supported
                0x000000000001116a        0xc bin-x86_64-efi/blib.a(snponly.o)
 .text.chained_locate
                0x0000000000011176       0xa3 bin-x86_64-efi/blib.a(snponly.o)
 .text.chained_init
                0x0000000000011219       0x1a bin-x86_64-efi/blib.a(snponly.o)
 .text.sock_ntoa
                0x0000000000011233       0x2a bin-x86_64-efi/blib.a(socket.o)
                0x0000000000011233                sock_ntoa
 .text.sock_aton
                0x000000000001125d       0x48 bin-x86_64-efi/blib.a(socket.o)
                0x000000000001125d                sock_aton
 .text.strerror
                0x00000000000112a5       0xa3 bin-x86_64-efi/blib.a(strerror.o)
                0x00000000000112a5                strerror
 .text.strtoul_pre
                0x0000000000011348       0x7f bin-x86_64-efi/blib.a(string.o)
 .text.memcmp   0x00000000000113c7       0x1d bin-x86_64-efi/blib.a(string.o)
                0x00000000000113c7                memcmp
 .text.memchr   0x00000000000113e4       0x1b bin-x86_64-efi/blib.a(string.o)
                0x00000000000113e4                memchr
 .text.memswap  0x00000000000113ff       0x20 bin-x86_64-efi/blib.a(string.o)
                0x00000000000113ff                memswap
 .text.strncmp  0x000000000001141f       0x23 bin-x86_64-efi/blib.a(string.o)
                0x000000000001141f                strncmp
 .text.strcmp   0x0000000000011442        0x9 bin-x86_64-efi/blib.a(string.o)
                0x0000000000011442                strcmp
 .text.strcasecmp
                0x000000000001144b       0x3b bin-x86_64-efi/blib.a(string.o)
                0x000000000001144b                strcasecmp
 .text.strnlen  0x0000000000011486       0x13 bin-x86_64-efi/blib.a(string.o)
                0x0000000000011486                strnlen
 .text.strlen   0x0000000000011499        0x9 bin-x86_64-efi/blib.a(string.o)
                0x0000000000011499                strlen
 .text.strchr   0x00000000000114a2       0x19 bin-x86_64-efi/blib.a(string.o)
                0x00000000000114a2                strchr
 .text.strrchr  0x00000000000114bb       0x1f bin-x86_64-efi/blib.a(string.o)
                0x00000000000114bb                strrchr
 .text.strstr   0x00000000000114da       0x3d bin-x86_64-efi/blib.a(string.o)
                0x00000000000114da                strstr
 .text.strcpy   0x0000000000011517       0x13 bin-x86_64-efi/blib.a(string.o)
                0x0000000000011517                strcpy
 .text.strncpy  0x000000000001152a       0x3c bin-x86_64-efi/blib.a(string.o)
                0x000000000001152a                strncpy
 .text.strndup  0x0000000000011566       0x3a bin-x86_64-efi/blib.a(string.o)
                0x0000000000011566                strndup
 .text.strdup   0x00000000000115a0        0x9 bin-x86_64-efi/blib.a(string.o)
                0x00000000000115a0                strdup
 .text.digit_value
                0x00000000000115a9       0x1c bin-x86_64-efi/blib.a(string.o)
                0x00000000000115a9                digit_value
 .text.strtoul  0x00000000000115c5       0x73 bin-x86_64-efi/blib.a(string.o)
                0x00000000000115c5                strtoul
 .text.sync_exec
                0x0000000000011638       0x50 bin-x86_64-efi/blib.a(sync_cmd.o)
 .text.tcp_sack_block
                0x0000000000011688       0x60 bin-x86_64-efi/blib.a(tcp.o)
 .text.tcp_rx_seq
                0x00000000000116e8       0x74 bin-x86_64-efi/blib.a(tcp.o)
 .text.tcp_open
                0x000000000001175c      0x18c bin-x86_64-efi/blib.a(tcp.o)
 .text.tcp_open_uri
                0x00000000000118e8       0x5a bin-x86_64-efi/blib.a(tcp.o)
 .text.tcp_process_tx_queue
                0x0000000000011942       0xce bin-x86_64-efi/blib.a(tcp.o)
 .text.tcp_rx_ack
                0x0000000000011a10       0xf5 bin-x86_64-efi/blib.a(tcp.o)
 .text.tcp_xmit_sack.part.11
                0x0000000000011b05      0x3b1 bin-x86_64-efi/blib.a(tcp.o)
 .text.tcp_discard
                0x0000000000011eb6       0x5a bin-x86_64-efi/blib.a(tcp.o)
 .text.tcp_close
                0x0000000000011f10      0x167 bin-x86_64-efi/blib.a(tcp.o)
 .text.tcp_wait_expired
                0x0000000000012077       0x22 bin-x86_64-efi/blib.a(tcp.o)
 .text.tcp_shutdown
                0x0000000000012099       0xdc bin-x86_64-efi/blib.a(tcp.o)
 .text.tcp_xmit
                0x0000000000012175       0x15 bin-x86_64-efi/blib.a(tcp.o)
 .text.tcp_keepalive_expired
                0x000000000001218a       0x29 bin-x86_64-efi/blib.a(tcp.o)
 .text.tcp_expired
                0x00000000000121b3       0x2b bin-x86_64-efi/blib.a(tcp.o)
 .text.tcp_xfer_close
                0x00000000000121de       0x12 bin-x86_64-efi/blib.a(tcp.o)
 .text.tcp_xfer_deliver
                0x00000000000121f0       0x2b bin-x86_64-efi/blib.a(tcp.o)
 .text.tcp_xfer_window
                0x000000000001221b       0x39 bin-x86_64-efi/blib.a(tcp.o)
 .text.tcp_rx   0x0000000000012254      0x595 bin-x86_64-efi/blib.a(tcp.o)
 .text.tcp_port_available
                0x00000000000127e9       0x33 bin-x86_64-efi/blib.a(tcp.o)
 .text.tcpip_rx
                0x000000000001281c       0x4c bin-x86_64-efi/blib.a(tcpip.o)
                0x000000000001281c                tcpip_rx
 .text.tcpip_net_protocol
                0x0000000000012868       0x22 bin-x86_64-efi/blib.a(tcpip.o)
                0x0000000000012868                tcpip_net_protocol
 .text.tcpip_tx
                0x000000000001288a       0x68 bin-x86_64-efi/blib.a(tcpip.o)
                0x000000000001288a                tcpip_tx
 .text.tcpip_netdev
                0x00000000000128f2       0x1f bin-x86_64-efi/blib.a(tcpip.o)
                0x00000000000128f2                tcpip_netdev
 .text.tcpip_mtu
                0x0000000000012911       0x34 bin-x86_64-efi/blib.a(tcpip.o)
                0x0000000000012911                tcpip_mtu
 .text.tcpip_chksum
                0x0000000000012945        0xd bin-x86_64-efi/blib.a(tcpip.o)
                0x0000000000012945                tcpip_chksum
 .text.tcpip_bind
                0x0000000000012952       0xa0 bin-x86_64-efi/blib.a(tcpip.o)
                0x0000000000012952                tcpip_bind
 .text.tftp_xfer_window
                0x00000000000129f2        0x4 bin-x86_64-efi/blib.a(tftp.o)
 .text.tftp_free
                0x00000000000129f6       0x22 bin-x86_64-efi/blib.a(tftp.o)
 .text.tftp_reopen
                0x0000000000012a18       0x6e bin-x86_64-efi/blib.a(tftp.o)
 .text.tftp_reopen_mc
                0x0000000000012a86       0x2c bin-x86_64-efi/blib.a(tftp.o)
 .text.tftp_process_multicast
                0x0000000000012ab2      0x119 bin-x86_64-efi/blib.a(tftp.o)
 .text.tftp_send_packet
                0x0000000000012bcb      0x1b7 bin-x86_64-efi/blib.a(tftp.o)
 .text.tftp_done
                0x0000000000012d82       0x38 bin-x86_64-efi/blib.a(tftp.o)
 .text.tftp_process_tsize
                0x0000000000012dba       0x38 bin-x86_64-efi/blib.a(tftp.o)
 .text.tftp_process_blksize
                0x0000000000012df2       0x34 bin-x86_64-efi/blib.a(tftp.o)
 .text.tftp_presize
                0x0000000000012e26       0x60 bin-x86_64-efi/blib.a(tftp.o)
 .text.tftp_rx  0x0000000000012e86      0x299 bin-x86_64-efi/blib.a(tftp.o)
 .text.tftp_socket_deliver
                0x000000000001311f        0xc bin-x86_64-efi/blib.a(tftp.o)
 .text.tftp_apply_settings
                0x000000000001312b       0x88 bin-x86_64-efi/blib.a(tftp.o)
 .text.tftp_close
                0x00000000000131b3       0xa3 bin-x86_64-efi/blib.a(tftp.o)
 .text.tftp_timer_expired
                0x0000000000013256       0x91 bin-x86_64-efi/blib.a(tftp.o)
 .text.tftp_core_open
                0x00000000000132e7      0x170 bin-x86_64-efi/blib.a(tftp.o)
 .text.tftp_open
                0x0000000000013457       0x12 bin-x86_64-efi/blib.a(tftp.o)
 .text.tftm_open
                0x0000000000013469       0x12 bin-x86_64-efi/blib.a(tftp.o)
 .text.mtftp_open
                0x000000000001347b       0x17 bin-x86_64-efi/blib.a(tftp.o)
 .text.mktime   0x0000000000013492      0x10d bin-x86_64-efi/blib.a(time.o)
                0x0000000000013492                mktime
 .text.timer_probe
                0x000000000001359f       0x3f bin-x86_64-efi/blib.a(timer.o)
 .text.keypress_interrupted
                0x00000000000135de       0x1d bin-x86_64-efi/blib.a(timer.o)
 .text.currticks
                0x00000000000135fb       0x15 bin-x86_64-efi/blib.a(timer.o)
                0x00000000000135fb                currticks
 .text.udelay   0x0000000000013610       0x13 bin-x86_64-efi/blib.a(timer.o)
                0x0000000000013610                udelay
 .text.sleep    0x0000000000013623       0x48 bin-x86_64-efi/blib.a(timer.o)
                0x0000000000013623                sleep
 .text.sleep_fixed
                0x000000000001366b       0x39 bin-x86_64-efi/blib.a(timer.o)
                0x000000000001366b                sleep_fixed
 .text.udp_rx   0x00000000000136a4      0x170 bin-x86_64-efi/blib.a(udp.o)
 .text.udp_close
                0x0000000000013814       0x25 bin-x86_64-efi/blib.a(udp.o)
 .text.udp_xfer_alloc_iob
                0x0000000000013839       0x1b bin-x86_64-efi/blib.a(udp.o)
 .text.udp_xfer_deliver
                0x0000000000013854       0xd4 bin-x86_64-efi/blib.a(udp.o)
 .text.udp_open_common
                0x0000000000013928       0xd5 bin-x86_64-efi/blib.a(udp.o)
 .text.udp_open
                0x00000000000139fd        0x7 bin-x86_64-efi/blib.a(udp.o)
                0x00000000000139fd                udp_open
 .text.udp_port_available
                0x0000000000013a04       0x3d bin-x86_64-efi/blib.a(udp.o)
 .text.udp_open_uri
                0x0000000000013a41       0x5a bin-x86_64-efi/blib.a(udp.o)
 .text.udp_open_promisc
                0x0000000000013a9b        0xe bin-x86_64-efi/blib.a(udp.o)
                0x0000000000013a9b                udp_open_promisc
 .text.uri_free
                0x0000000000013aa9       0x16 bin-x86_64-efi/blib.a(uri.o)
 .text.uri_copy_fields
                0x0000000000013abf       0x77 bin-x86_64-efi/blib.a(uri.o)
 .text.uri_decode
                0x0000000000013b36       0x9a bin-x86_64-efi/blib.a(uri.o)
                0x0000000000013b36                uri_decode
 .text.uri_encode
                0x0000000000013bd0       0xa3 bin-x86_64-efi/blib.a(uri.o)
                0x0000000000013bd0                uri_encode
 .text.uri_encode_string
                0x0000000000013c73       0x38 bin-x86_64-efi/blib.a(uri.o)
                0x0000000000013c73                uri_encode_string
 .text.parse_uri
                0x0000000000013cab      0x215 bin-x86_64-efi/blib.a(uri.o)
                0x0000000000013cab                parse_uri
 .text.uri_port
                0x0000000000013ec0       0x1d bin-x86_64-efi/blib.a(uri.o)
                0x0000000000013ec0                uri_port
 .text.format_uri
                0x0000000000013edd       0xea bin-x86_64-efi/blib.a(uri.o)
                0x0000000000013edd                format_uri
 .text.format_uri_alloc
                0x0000000000013fc7       0x3a bin-x86_64-efi/blib.a(uri.o)
                0x0000000000013fc7                format_uri_alloc
 .text.uri_dup  0x0000000000014001       0x4a bin-x86_64-efi/blib.a(uri.o)
                0x0000000000014001                uri_dup
 .text.resolve_path
                0x000000000001404b       0xe0 bin-x86_64-efi/blib.a(uri.o)
                0x000000000001404b                resolve_path
 .text.resolve_uri
                0x000000000001412b       0xce bin-x86_64-efi/blib.a(uri.o)
                0x000000000001412b                resolve_uri
 .text.pxe_uri  0x00000000000141f9       0xf3 bin-x86_64-efi/blib.a(uri.o)
                0x00000000000141f9                pxe_uri
 .text.uuid_ntoa
                0x00000000000142ec       0x7d bin-x86_64-efi/blib.a(uuid.o)
                0x00000000000142ec                uuid_ntoa
 .text.cputchar
                0x0000000000014369       0x10 bin-x86_64-efi/blib.a(vsprintf.o)
 .text.printf_sputc
                0x0000000000014379       0x13 bin-x86_64-efi/blib.a(vsprintf.o)
 .text.printf_putchar
                0x000000000001438c        0x7 bin-x86_64-efi/blib.a(vsprintf.o)
 .text.vcprintf
                0x0000000000014393      0x3fc bin-x86_64-efi/blib.a(vsprintf.o)
                0x0000000000014393                vcprintf
 .text.vsnprintf
                0x000000000001478f       0x4a bin-x86_64-efi/blib.a(vsprintf.o)
                0x000000000001478f                vsnprintf
 .text.snprintf
                0x00000000000147d9       0x3e bin-x86_64-efi/blib.a(vsprintf.o)
                0x00000000000147d9                snprintf
 .text.vssnprintf
                0x0000000000014817       0x11 bin-x86_64-efi/blib.a(vsprintf.o)
                0x0000000000014817                vssnprintf
 .text.ssnprintf
                0x0000000000014828       0x3e bin-x86_64-efi/blib.a(vsprintf.o)
                0x0000000000014828                ssnprintf
 .text.vprintf  0x0000000000014866       0x25 bin-x86_64-efi/blib.a(vsprintf.o)
                0x0000000000014866                vprintf
 .text.printf   0x000000000001488b       0x48 bin-x86_64-efi/blib.a(vsprintf.o)
                0x000000000001488b                printf
 .text.wcslen   0x00000000000148d3        0xf bin-x86_64-efi/blib.a(wchar.o)
                0x00000000000148d3                wcslen
 .text.wattroff
                0x00000000000148e2        0x8 bin-x86_64-efi/blib.a(winattrs.o)
                0x00000000000148e2                wattroff
 .text.wattron  0x00000000000148ea        0x6 bin-x86_64-efi/blib.a(winattrs.o)
                0x00000000000148ea                wattron
 .text.wattrset
                0x00000000000148f0       0x10 bin-x86_64-efi/blib.a(winattrs.o)
                0x00000000000148f0                wattrset
 .text.wcolour_set
                0x0000000000014900       0x1e bin-x86_64-efi/blib.a(winattrs.o)
                0x0000000000014900                wcolour_set
 .text.initscr  0x000000000001491e       0x3e bin-x86_64-efi/blib.a(wininit.o)
                0x000000000001491e                initscr
 .text.endwin   0x000000000001495c       0x68 bin-x86_64-efi/blib.a(wininit.o)
                0x000000000001495c                endwin
 .text.__memcpy
                0x00000000000149c4       0x15 bin-x86_64-efi/blib.a(x86_string.o)
                0x00000000000149c4                __memcpy
 .text.__memcpy_reverse
                0x00000000000149d9       0x16 bin-x86_64-efi/blib.a(x86_string.o)
                0x00000000000149d9                __memcpy_reverse
 .text.__memmove
                0x00000000000149ef        0xf bin-x86_64-efi/blib.a(x86_string.o)
                0x00000000000149ef                __memmove
 .text.tcpip_continue_chksum
                0x00000000000149fe       0xf2 bin-x86_64-efi/blib.a(x86_tcpip.o)
                0x00000000000149fe                tcpip_continue_chksum
 .text.xfer_window
                0x0000000000014af0       0x49 bin-x86_64-efi/blib.a(xfer.o)
                0x0000000000014af0                xfer_window
 .text.xfer_window_changed
                0x0000000000014b39        0xc bin-x86_64-efi/blib.a(xfer.o)
                0x0000000000014b39                xfer_window_changed
 .text.xfer_vredirect
                0x0000000000014b45       0xc3 bin-x86_64-efi/blib.a(xfer.o)
                0x0000000000014b45                xfer_vredirect
 .text.xfer_alloc_iob
                0x0000000000014c08       0x59 bin-x86_64-efi/blib.a(xfer.o)
                0x0000000000014c08                xfer_alloc_iob
 .text.xfer_deliver
                0x0000000000014c61       0x66 bin-x86_64-efi/blib.a(xfer.o)
                0x0000000000014c61                xfer_deliver
 .text.xfer_redirect
                0x0000000000014cc7       0x43 bin-x86_64-efi/blib.a(xfer.o)
                0x0000000000014cc7                xfer_redirect
 .text.xfer_deliver_iob
                0x0000000000014d0a        0xc bin-x86_64-efi/blib.a(xfer.o)
                0x0000000000014d0a                xfer_deliver_iob
 .text.xfer_deliver_raw_meta
                0x0000000000014d16       0x6c bin-x86_64-efi/blib.a(xfer.o)
                0x0000000000014d16                xfer_deliver_raw_meta
 .text.xfer_deliver_raw
                0x0000000000014d82        0xc bin-x86_64-efi/blib.a(xfer.o)
                0x0000000000014d82                xfer_deliver_raw
 .text.xfer_seek
                0x0000000000014d8e       0x4f bin-x86_64-efi/blib.a(xfer.o)
                0x0000000000014d8e                xfer_seek
 .text.xferbuf_umalloc_write
                0x0000000000014ddd       0x17 bin-x86_64-efi/blib.a(xferbuf.o)
 .text.xferbuf_umalloc_read
                0x0000000000014df4       0x14 bin-x86_64-efi/blib.a(xferbuf.o)
 .text.xfer_buffer
                0x0000000000014e08       0x7f bin-x86_64-efi/blib.a(xferbuf.o)
                0x0000000000014e08                xfer_buffer
 .text.xferbuf_umalloc_realloc
                0x0000000000014e87       0x1f bin-x86_64-efi/blib.a(xferbuf.o)
 .text.xferbuf_write
                0x0000000000014ea6       0x5e bin-x86_64-efi/blib.a(xferbuf.o)
                0x0000000000014ea6                xferbuf_write
 .text.xferbuf_deliver
                0x0000000000014f04       0x5d bin-x86_64-efi/blib.a(xferbuf.o)
                0x0000000000014f04                xferbuf_deliver
 .text.acpi_checksum
                0x0000000000014f61       0x21 bin-x86_64-efi/blib.a(acpi.o)
 .text.acpi_describe
                0x0000000000014f82       0x4b bin-x86_64-efi/blib.a(acpi.o)
                0x0000000000014f82                acpi_describe
 .text.acpi_fix_checksum
                0x0000000000014fcd        0xe bin-x86_64-efi/blib.a(acpi.o)
                0x0000000000014fcd                acpi_fix_checksum
 .text.acpi_add
                0x0000000000014fdb       0x1a bin-x86_64-efi/blib.a(acpi.o)
                0x0000000000014fdb                acpi_add
 .text.acpi_del
                0x0000000000014ff5       0x17 bin-x86_64-efi/blib.a(acpi.o)
                0x0000000000014ff5                acpi_del
 .text.acpi_install
                0x000000000001500c       0x31 bin-x86_64-efi/blib.a(acpi.o)
                0x000000000001500c                acpi_install
 .text.ansiscr_cursor
                0x000000000001503d       0x19 bin-x86_64-efi/blib.a(ansi_screen.o)
 .text.ansiscr_movetoyx
                0x0000000000015056       0x36 bin-x86_64-efi/blib.a(ansi_screen.o)
 .text.ansiscr_peek
                0x000000000001508c        0xd bin-x86_64-efi/blib.a(ansi_screen.o)
 .text.ansiscr_getc
                0x0000000000015099        0x5 bin-x86_64-efi/blib.a(ansi_screen.o)
 .text.ansiscr_init
                0x000000000001509e       0x4f bin-x86_64-efi/blib.a(ansi_screen.o)
 .text.ansiscr_attrs.isra.0
                0x00000000000150ed       0x37 bin-x86_64-efi/blib.a(ansi_screen.o)
 .text.ansiscr_erase
                0x0000000000015124       0x19 bin-x86_64-efi/blib.a(ansi_screen.o)
 .text.ansiscr_putc
                0x000000000001513d       0x39 bin-x86_64-efi/blib.a(ansi_screen.o)
 .text.ansiscr_exit
                0x0000000000015176       0x46 bin-x86_64-efi/blib.a(ansi_screen.o)
 .text.ansicol_set
                0x00000000000151bc       0x10 bin-x86_64-efi/blib.a(ansicol.o)
                0x00000000000151bc                ansicol_set
 .text.ansicol_set_pair
                0x00000000000151cc       0x2a bin-x86_64-efi/blib.a(ansicol.o)
                0x00000000000151cc                ansicol_set_pair
 .text.ansiesc_process
                0x00000000000151f6       0xca bin-x86_64-efi/blib.a(ansiesc.o)
                0x00000000000151f6                ansiesc_process